Archive member included to satisfy reference by file (symbol)

D:/Applications/STM32CubeIDE_1.18.1/STM32CubeIDE/plugins/com.st.stm32cube.ide.mcu.externaltools.gnu-tools-for-stm32.13.3.rel1.win32_1.0.0.202411081344/tools/bin/../lib/gcc/arm-none-eabi/13.3.1/../../../../arm-none-eabi/lib/thumb/v7e-m+fp/hard\libc_nano.a(libc_a-exit.o)
                              D:/Applications/STM32CubeIDE_1.18.1/STM32CubeIDE/plugins/com.st.stm32cube.ide.mcu.externaltools.gnu-tools-for-stm32.13.3.rel1.win32_1.0.0.202411081344/tools/bin/../lib/gcc/arm-none-eabi/13.3.1/../../../../arm-none-eabi/lib/thumb/v7e-m+fp/hard/crt0.o (exit)
D:/Applications/STM32CubeIDE_1.18.1/STM32CubeIDE/plugins/com.st.stm32cube.ide.mcu.externaltools.gnu-tools-for-stm32.13.3.rel1.win32_1.0.0.202411081344/tools/bin/../lib/gcc/arm-none-eabi/13.3.1/../../../../arm-none-eabi/lib/thumb/v7e-m+fp/hard\libc_nano.a(libc_a-nano-vfprintf_float.o)
                              (_printf_float)
D:/Applications/STM32CubeIDE_1.18.1/STM32CubeIDE/plugins/com.st.stm32cube.ide.mcu.externaltools.gnu-tools-for-stm32.13.3.rel1.win32_1.0.0.202411081344/tools/bin/../lib/gcc/arm-none-eabi/13.3.1/../../../../arm-none-eabi/lib/thumb/v7e-m+fp/hard\libc_nano.a(libc_a-nano-vfprintf_i.o)
                              D:/Applications/STM32CubeIDE_1.18.1/STM32CubeIDE/plugins/com.st.stm32cube.ide.mcu.externaltools.gnu-tools-for-stm32.13.3.rel1.win32_1.0.0.202411081344/tools/bin/../lib/gcc/arm-none-eabi/13.3.1/../../../../arm-none-eabi/lib/thumb/v7e-m+fp/hard\libc_nano.a(libc_a-nano-vfprintf_float.o) (_printf_common)
D:/Applications/STM32CubeIDE_1.18.1/STM32CubeIDE/plugins/com.st.stm32cube.ide.mcu.externaltools.gnu-tools-for-stm32.13.3.rel1.win32_1.0.0.202411081344/tools/bin/../lib/gcc/arm-none-eabi/13.3.1/../../../../arm-none-eabi/lib/thumb/v7e-m+fp/hard\libc_nano.a(libc_a-nano-vfscanf_float.o)
                              (_scanf_float)
D:/Applications/STM32CubeIDE_1.18.1/STM32CubeIDE/plugins/com.st.stm32cube.ide.mcu.externaltools.gnu-tools-for-stm32.13.3.rel1.win32_1.0.0.202411081344/tools/bin/../lib/gcc/arm-none-eabi/13.3.1/../../../../arm-none-eabi/lib/thumb/v7e-m+fp/hard\libc_nano.a(libc_a-findfp.o)
                              D:/Applications/STM32CubeIDE_1.18.1/STM32CubeIDE/plugins/com.st.stm32cube.ide.mcu.externaltools.gnu-tools-for-stm32.13.3.rel1.win32_1.0.0.202411081344/tools/bin/../lib/gcc/arm-none-eabi/13.3.1/../../../../arm-none-eabi/lib/thumb/v7e-m+fp/hard\libc_nano.a(libc_a-exit.o) (__stdio_exit_handler)
D:/Applications/STM32CubeIDE_1.18.1/STM32CubeIDE/plugins/com.st.stm32cube.ide.mcu.externaltools.gnu-tools-for-stm32.13.3.rel1.win32_1.0.0.202411081344/tools/bin/../lib/gcc/arm-none-eabi/13.3.1/../../../../arm-none-eabi/lib/thumb/v7e-m+fp/hard\libc_nano.a(libc_a-fwalk.o)
                              D:/Applications/STM32CubeIDE_1.18.1/STM32CubeIDE/plugins/com.st.stm32cube.ide.mcu.externaltools.gnu-tools-for-stm32.13.3.rel1.win32_1.0.0.202411081344/tools/bin/../lib/gcc/arm-none-eabi/13.3.1/../../../../arm-none-eabi/lib/thumb/v7e-m+fp/hard\libc_nano.a(libc_a-findfp.o) (_fwalk_sglue)
D:/Applications/STM32CubeIDE_1.18.1/STM32CubeIDE/plugins/com.st.stm32cube.ide.mcu.externaltools.gnu-tools-for-stm32.13.3.rel1.win32_1.0.0.202411081344/tools/bin/../lib/gcc/arm-none-eabi/13.3.1/../../../../arm-none-eabi/lib/thumb/v7e-m+fp/hard\libc_nano.a(libc_a-sprintf.o)
                              ./Core/Src/main.o (sprintf)
D:/Applications/STM32CubeIDE_1.18.1/STM32CubeIDE/plugins/com.st.stm32cube.ide.mcu.externaltools.gnu-tools-for-stm32.13.3.rel1.win32_1.0.0.202411081344/tools/bin/../lib/gcc/arm-none-eabi/13.3.1/../../../../arm-none-eabi/lib/thumb/v7e-m+fp/hard\libc_nano.a(libc_a-stdio.o)
                              D:/Applications/STM32CubeIDE_1.18.1/STM32CubeIDE/plugins/com.st.stm32cube.ide.mcu.externaltools.gnu-tools-for-stm32.13.3.rel1.win32_1.0.0.202411081344/tools/bin/../lib/gcc/arm-none-eabi/13.3.1/../../../../arm-none-eabi/lib/thumb/v7e-m+fp/hard\libc_nano.a(libc_a-findfp.o) (__sread)
D:/Applications/STM32CubeIDE_1.18.1/STM32CubeIDE/plugins/com.st.stm32cube.ide.mcu.externaltools.gnu-tools-for-stm32.13.3.rel1.win32_1.0.0.202411081344/tools/bin/../lib/gcc/arm-none-eabi/13.3.1/../../../../arm-none-eabi/lib/thumb/v7e-m+fp/hard\libc_nano.a(libc_a-vsnprintf.o)
                              ./Core/Src/main.o (vsnprintf)
D:/Applications/STM32CubeIDE_1.18.1/STM32CubeIDE/plugins/com.st.stm32cube.ide.mcu.externaltools.gnu-tools-for-stm32.13.3.rel1.win32_1.0.0.202411081344/tools/bin/../lib/gcc/arm-none-eabi/13.3.1/../../../../arm-none-eabi/lib/thumb/v7e-m+fp/hard\libc_nano.a(libc_a-memset.o)
                              D:/Applications/STM32CubeIDE_1.18.1/STM32CubeIDE/plugins/com.st.stm32cube.ide.mcu.externaltools.gnu-tools-for-stm32.13.3.rel1.win32_1.0.0.202411081344/tools/bin/../lib/gcc/arm-none-eabi/13.3.1/../../../../arm-none-eabi/lib/thumb/v7e-m+fp/hard/crt0.o (memset)
[...]
Memory Configuration

Name             Origin             Length             Attributes
RAM              0x20000000         0x0000c000         xrw
RAM2             0x10000000         0x00004000         xrw
FLASH            0x08000000         0x00040000         xr
*default*        0x00000000         0xffffffff

Linker script and memory map

LOAD D:/Applications/STM32CubeIDE_1.18.1/STM32CubeIDE/plugins/com.st.stm32cube.ide.mcu.externaltools.gnu-tools-for-stm32.13.3.rel1.win32_1.0.0.202411081344/tools/bin/../lib/gcc/arm-none-eabi/13.3.1/thumb/v7e-m+fp/hard/crti.o
LOAD D:/Applications/STM32CubeIDE_1.18.1/STM32CubeIDE/plugins/com.st.stm32cube.ide.mcu.externaltools.gnu-tools-for-stm32.13.3.rel1.win32_1.0.0.202411081344/tools/bin/../lib/gcc/arm-none-eabi/13.3.1/thumb/v7e-m+fp/hard/crtbegin.o
LOAD D:/Applications/STM32CubeIDE_1.18.1/STM32CubeIDE/plugins/com.st.stm32cube.ide.mcu.externaltools.gnu-tools-for-stm32.13.3.rel1.win32_1.0.0.202411081344/tools/bin/../lib/gcc/arm-none-eabi/13.3.1/../../../../arm-none-eabi/lib/thumb/v7e-m+fp/hard/crt0.o
LOAD ./Core/Src/BME280_STM32.o
LOAD ./Core/Src/main.o
LOAD ./Core/Src/ssd1306.o
LOAD ./Core/Src/ssd1306_fonts.o
LOAD ./Core/Src/stm32l4xx_hal_msp.o
LOAD ./Core/Src/stm32l4xx_it.o
LOAD ./Core/Src/syscalls.o
LOAD ./Core/Src/sysmem.o
LOAD ./Core/Src/system_stm32l4xx.o
LOAD ./Core/Startup/startup_stm32l432kcux.o
LOAD ./Drivers/STM32L4xx_HAL_Driver/Src/stm32l4xx_hal.o
LOAD ./Drivers/STM32L4xx_HAL_Driver/Src/stm32l4xx_hal_cortex.o
LOAD ./Drivers/STM32L4xx_HAL_Driver/Src/stm32l4xx_hal_dma.o
LOAD ./Drivers/STM32L4xx_HAL_Driver/Src/stm32l4xx_hal_dma_ex.o
LOAD ./Drivers/STM32L4xx_HAL_Driver/Src/stm32l4xx_hal_exti.o
LOAD ./Drivers/STM32L4xx_HAL_Driver/Src/stm32l4xx_hal_flash.o
LOAD ./Drivers/STM32L4xx_HAL_Driver/Src/stm32l4xx_hal_flash_ex.o
LOAD ./Drivers/STM32L4xx_HAL_Driver/Src/stm32l4xx_hal_flash_ramfunc.o
LOAD ./Drivers/STM32L4xx_HAL_Driver/Src/stm32l4xx_hal_gpio.o
LOAD ./Drivers/STM32L4xx_HAL_Driver/Src/stm32l4xx_hal_i2c.o
LOAD ./Drivers/STM32L4xx_HAL_Driver/Src/stm32l4xx_hal_i2c_ex.o
LOAD ./Drivers/STM32L4xx_HAL_Driver/Src/stm32l4xx_hal_pwr.o
LOAD ./Drivers/STM32L4xx_HAL_Driver/Src/stm32l4xx_hal_pwr_ex.o
LOAD ./Drivers/STM32L4xx_HAL_Driver/Src/stm32l4xx_hal_rcc.o
LOAD ./Drivers/STM32L4xx_HAL_Driver/Src/stm32l4xx_hal_rcc_ex.o
LOAD ./Drivers/STM32L4xx_HAL_Driver/Src/stm32l4xx_hal_spi.o
LOAD ./Drivers/STM32L4xx_HAL_Driver/Src/stm32l4xx_hal_spi_ex.o
LOAD ./Drivers/STM32L4xx_HAL_Driver/Src/stm32l4xx_hal_uart.o
LOAD ./Drivers/STM32L4xx_HAL_Driver/Src/stm32l4xx_hal_uart_ex.o
LOAD ./FATFS/App/fatfs.o
LOAD ./FATFS/Target/user_diskio.o
LOAD ./FATFS/Target/user_diskio_spi.o
LOAD ./Middlewares/Third_Party/FatFs/src/diskio.o
LOAD ./Middlewares/Third_Party/FatFs/src/ff.o
LOAD ./Middlewares/Third_Party/FatFs/src/ff_gen_drv.o
LOAD ./Middlewares/Third_Party/FatFs/src/option/syscall.o
START GROUP
LOAD D:/Applications/STM32CubeIDE_1.18.1/STM32CubeIDE/plugins/com.st.stm32cube.ide.mcu.externaltools.gnu-tools-for-stm32.13.3.rel1.win32_1.0.0.202411081344/tools/bin/../lib/gcc/arm-none-eabi/13.3.1/../../../../arm-none-eabi/lib/thumb/v7e-m+fp/hard\libc_nano.a
LOAD D:/Applications/STM32CubeIDE_1.18.1/STM32CubeIDE/plugins/com.st.stm32cube.ide.mcu.externaltools.gnu-tools-for-stm32.13.3.rel1.win32_1.0.0.202411081344/tools/bin/../lib/gcc/arm-none-eabi/13.3.1/../../../../arm-none-eabi/lib/thumb/v7e-m+fp/hard\libm.a
END GROUP
START GROUP
LOAD D:/Applications/STM32CubeIDE_1.18.1/STM32CubeIDE/plugins/com.st.stm32cube.ide.mcu.externaltools.gnu-tools-for-stm32.13.3.rel1.win32_1.0.0.202411081344/tools/bin/../lib/gcc/arm-none-eabi/13.3.1/thumb/v7e-m+fp/hard\libgcc.a
LOAD D:/Applications/STM32CubeIDE_1.18.1/STM32CubeIDE/plugins/com.st.stm32cube.ide.mcu.externaltools.gnu-tools-for-stm32.13.3.rel1.win32_1.0.0.202411081344/tools/bin/../lib/gcc/arm-none-eabi/13.3.1/../../../../arm-none-eabi/lib/thumb/v7e-m+fp/hard\libc_nano.a
END GROUP
START GROUP
LOAD D:/Applications/STM32CubeIDE_1.18.1/STM32CubeIDE/plugins/com.st.stm32cube.ide.mcu.externaltools.gnu-tools-for-stm32.13.3.rel1.win32_1.0.0.202411081344/tools/bin/../lib/gcc/arm-none-eabi/13.3.1/thumb/v7e-m+fp/hard\libgcc.a
LOAD D:/Applications/STM32CubeIDE_1.18.1/STM32CubeIDE/plugins/com.st.stm32cube.ide.mcu.externaltools.gnu-tools-for-stm32.13.3.rel1.win32_1.0.0.202411081344/tools/bin/../lib/gcc/arm-none-eabi/13.3.1/../../../../arm-none-eabi/lib/thumb/v7e-m+fp/hard\libc_nano.a
LOAD D:/Applications/STM32CubeIDE_1.18.1/STM32CubeIDE/plugins/com.st.stm32cube.ide.mcu.externaltools.gnu-tools-for-stm32.13.3.rel1.win32_1.0.0.202411081344/tools/bin/../lib/gcc/arm-none-eabi/13.3.1/../../../../arm-none-eabi/lib/thumb/v7e-m+fp/hard\libnosys.a
END GROUP
START GROUP
LOAD D:/Applications/STM32CubeIDE_1.18.1/STM32CubeIDE/plugins/com.st.stm32cube.ide.mcu.externaltools.gnu-tools-for-stm32.13.3.rel1.win32_1.0.0.202411081344/tools/bin/../lib/gcc/arm-none-eabi/13.3.1/thumb/v7e-m+fp/hard\libgcc.a
LOAD D:/Applications/STM32CubeIDE_1.18.1/STM32CubeIDE/plugins/com.st.stm32cube.ide.mcu.externaltools.gnu-tools-for-stm32.13.3.rel1.win32_1.0.0.202411081344/tools/bin/../lib/gcc/arm-none-eabi/13.3.1/../../../../arm-none-eabi/lib/thumb/v7e-m+fp/hard\libc_nano.a
LOAD D:/Applications/STM32CubeIDE_1.18.1/STM32CubeIDE/plugins/com.st.stm32cube.ide.mcu.externaltools.gnu-tools-for-stm32.13.3.rel1.win32_1.0.0.202411081344/tools/bin/../lib/gcc/arm-none-eabi/13.3.1/../../../../arm-none-eabi/lib/thumb/v7e-m+fp/hard\libnosys.a
END GROUP
LOAD D:/Applications/STM32CubeIDE_1.18.1/STM32CubeIDE/plugins/com.st.stm32cube.ide.mcu.externaltools.gnu-tools-for-stm32.13.3.rel1.win32_1.0.0.202411081344/tools/bin/../lib/gcc/arm-none-eabi/13.3.1/thumb/v7e-m+fp/hard/crtend.o
LOAD D:/Applications/STM32CubeIDE_1.18.1/STM32CubeIDE/plugins/com.st.stm32cube.ide.mcu.externaltools.gnu-tools-for-stm32.13.3.rel1.win32_1.0.0.202411081344/tools/bin/../lib/gcc/arm-none-eabi/13.3.1/thumb/v7e-m+fp/hard/crtn.o
                0x2000c000                        _estack = (ORIGIN (RAM) + LENGTH (RAM))
                0x00000200                        _Min_Heap_Size = 0x200
                0x00000400                        _Min_Stack_Size = 0x400

.isr_vector     0x08000000      0x18c
                0x08000000                        . = ALIGN (0x4)
 *(.isr_vector)
 .isr_vector    0x08000000      0x18c ./Core/Startup/startup_stm32l432kcux.o
                0x08000000                g_pfnVectors
                0x0800018c                        . = ALIGN (0x4)

.text           0x08000190     0xdecc
                0x08000190                        . = ALIGN (0x4)
 *(.text)
 .text          0x08000190       0x40 D:/Applications/STM32CubeIDE_1.18.1/STM32CubeIDE/plugins/com.st.stm32cube.ide.mcu.externaltools.gnu-tools-for-stm32.13.3.rel1.win32_1.0.0.202411081344/tools/bin/../lib/gcc/arm-none-eabi/13.3.1/thumb/v7e-m+fp/hard/crtbegin.o
 .text          0x080001d0       0xa0 D:/Applications/STM32CubeIDE_1.18.1/STM32CubeIDE/plugins/com.st.stm32cube.ide.mcu.externaltools.gnu-tools-for-stm32.13.3.rel1.win32_1.0.0.202411081344/tools/bin/../lib/gcc/arm-none-eabi/13.3.1/../../../../arm-none-eabi/lib/thumb/v7e-m+fp/hard\libc_nano.a(libc_a-memchr.o)
                0x080001d0                memchr
 .text          0x08000270       0x10 D:/Applications/STM32CubeIDE_1.18.1/STM32CubeIDE/plugins/com.st.stm32cube.ide.mcu.externaltools.gnu-tools-for-stm32.13.3.rel1.win32_1.0.0.202411081344/tools/bin/../lib/gcc/arm-none-eabi/13.3.1/../../../../arm-none-eabi/lib/thumb/v7e-m+fp/hard\libc_nano.a(libc_a-strlen.o)
                0x08000270                strlen
 .text          0x08000280      0x378 D:/Applications/STM32CubeIDE_1.18.1/STM32CubeIDE/plugins/com.st.stm32cube.ide.mcu.externaltools.gnu-tools-for-stm32.13.3.rel1.win32_1.0.0.202411081344/tools/bin/../lib/gcc/arm-none-eabi/13.3.1/thumb/v7e-m+fp/hard\libgcc.a(_arm_addsubdf3.o)
                0x08000280                __aeabi_drsub
                0x08000288                __aeabi_dsub
                0x08000288                __subdf3
                0x0800028c                __aeabi_dadd
                0x0800028c                __adddf3
                0x08000504                __floatunsidf
                0x08000504                __aeabi_ui2d
                0x08000524                __floatsidf
                0x08000524                __aeabi_i2d
                0x08000548                __aeabi_f2d
                0x08000548                __extendsfdf2
                0x0800058c                __floatundidf
                0x0800058c                __aeabi_ul2d
                0x0800059c                __floatdidf
                0x0800059c                __aeabi_l2d
 .text          0x080005f8      0x424 D:/Applications/STM32CubeIDE_1.18.1/STM32CubeIDE/plugins/com.st.stm32cube.ide.mcu.externaltools.gnu-tools-for-stm32.13.3.rel1.win32_1.0.0.202411081344/tools/bin/../lib/gcc/arm-none-eabi/13.3.1/thumb/v7e-m+fp/hard\libgcc.a(_arm_muldivdf3.o)
                0x080005f8                __aeabi_dmul
                0x080005f8                __muldf3
                0x0800084c                __divdf3
                0x0800084c                __aeabi_ddiv
 .text          0x08000a1c      0x110 D:/Applications/STM32CubeIDE_1.18.1/STM32CubeIDE/plugins/com.st.stm32cube.ide.mcu.externaltools.gnu-tools-for-stm32.13.3.rel1.win32_1.0.0.202411081344/tools/bin/../lib/gcc/arm-none-eabi/13.3.1/thumb/v7e-m+fp/hard\libgcc.a(_arm_cmpdf2.o)
                0x08000a1c                __gtdf2
                0x08000a1c                __gedf2
                0x08000a24                __ltdf2
                0x08000a24                __ledf2
                0x08000a2c                __nedf2
                0x08000a2c                __eqdf2
                0x08000a2c                __cmpdf2
                0x08000aa8                __aeabi_cdrcmple
                0x08000ab8                __aeabi_cdcmpeq
                0x08000ab8                __aeabi_cdcmple
                0x08000ac8                __aeabi_dcmpeq
                0x08000adc                __aeabi_dcmplt
                0x08000af0                __aeabi_dcmple
                0x08000b04                __aeabi_dcmpge
                0x08000b18                __aeabi_dcmpgt
 .text          0x08000b2c       0x2c D:/Applications/STM32CubeIDE_1.18.1/STM32CubeIDE/plugins/com.st.stm32cube.ide.mcu.externaltools.gnu-tools-for-stm32.13.3.rel1.win32_1.0.0.202411081344/tools/bin/../lib/gcc/arm-none-eabi/13.3.1/thumb/v7e-m+fp/hard\libgcc.a(_arm_unorddf2.o)
                0x08000b2c                __unorddf2
                0x08000b2c                __aeabi_dcmpun
 .text          0x08000b58       0x50 D:/Applications/STM32CubeIDE_1.18.1/STM32CubeIDE/plugins/com.st.stm32cube.ide.mcu.externaltools.gnu-tools-for-stm32.13.3.rel1.win32_1.0.0.202411081344/tools/bin/../lib/gcc/arm-none-eabi/13.3.1/thumb/v7e-m+fp/hard\libgcc.a(_arm_fixdfsi.o)
                0x08000b58                __aeabi_d2iz
                0x08000b58                __fixdfsi
 .text          0x08000ba8       0x40 D:/Applications/STM32CubeIDE_1.18.1/STM32CubeIDE/plugins/com.st.stm32cube.ide.mcu.externaltools.gnu-tools-for-stm32.13.3.rel1.win32_1.0.0.202411081344/tools/bin/../lib/gcc/arm-none-eabi/13.3.1/thumb/v7e-m+fp/hard\libgcc.a(_arm_fixunsdfsi.o)
                0x08000ba8                __aeabi_d2uiz
                0x08000ba8                __fixunsdfsi
 .text          0x08000be8       0xa0 D:/Applications/STM32CubeIDE_1.18.1/STM32CubeIDE/plugins/com.st.stm32cube.ide.mcu.externaltools.gnu-tools-for-stm32.13.3.rel1.win32_1.0.0.202411081344/tools/bin/../lib/gcc/arm-none-eabi/13.3.1/thumb/v7e-m+fp/hard\libgcc.a(_arm_truncdfsf2.o)
                0x08000be8                __truncdfsf2
                0x08000be8                __aeabi_d2f
 .text          0x08000c88       0xa0 D:/Applications/STM32CubeIDE_1.18.1/STM32CubeIDE/plugins/com.st.stm32cube.ide.mcu.externaltools.gnu-tools-for-stm32.13.3.rel1.win32_1.0.0.202411081344/tools/bin/../lib/gcc/arm-none-eabi/13.3.1/thumb/v7e-m+fp/hard\libgcc.a(_aeabi_ldivmod.o)
                0x08000c88                __aeabi_ldivmod
 .text          0x08000d28       0x30 D:/Applications/STM32CubeIDE_1.18.1/STM32CubeIDE/plugins/com.st.stm32cube.ide.mcu.externaltools.gnu-tools-for-stm32.13.3.rel1.win32_1.0.0.202411081344/tools/bin/../lib/gcc/arm-none-eabi/13.3.1/thumb/v7e-m+fp/hard\libgcc.a(_aeabi_uldivmod.o)
                0x08000d28                __aeabi_uldivmod
 .text          0x08000d58       0x30 D:/Applications/STM32CubeIDE_1.18.1/STM32CubeIDE/plugins/com.st.stm32cube.ide.mcu.externaltools.gnu-tools-for-stm32.13.3.rel1.win32_1.0.0.202411081344/tools/bin/../lib/gcc/arm-none-eabi/13.3.1/thumb/v7e-m+fp/hard\libgcc.a(_fixdfdi.o)
                0x08000d58                __fixdfdi
                0x08000d58                __aeabi_d2lz
 .text          0x08000d88       0x3c D:/Applications/STM32CubeIDE_1.18.1/STM32CubeIDE/plugins/com.st.stm32cube.ide.mcu.externaltools.gnu-tools-for-stm32.13.3.rel1.win32_1.0.0.202411081344/tools/bin/../lib/gcc/arm-none-eabi/13.3.1/thumb/v7e-m+fp/hard\libgcc.a(_fixunsdfdi.o)
                0x08000d88                __fixunsdfdi
                0x08000d88                __aeabi_d2ulz
 .text          0x08000dc4      0x2f8 D:/Applications/STM32CubeIDE_1.18.1/STM32CubeIDE/plugins/com.st.stm32cube.ide.mcu.externaltools.gnu-tools-for-stm32.13.3.rel1.win32_1.0.0.202411081344/tools/bin/../lib/gcc/arm-none-eabi/13.3.1/thumb/v7e-m+fp/hard\libgcc.a(_udivmoddi4.o)
                0x08000dc4                __udivmoddi4
 .text          0x080010bc        0x4 D:/Applications/STM32CubeIDE_1.18.1/STM32CubeIDE/plugins/com.st.stm32cube.ide.mcu.externaltools.gnu-tools-for-stm32.13.3.rel1.win32_1.0.0.202411081344/tools/bin/../lib/gcc/arm-none-eabi/13.3.1/thumb/v7e-m+fp/hard\libgcc.a(_dvmd_tls.o)
                0x080010bc                __aeabi_idiv0
                0x080010bc                __aeabi_ldiv0
 *(.text*)
 .text.BME280_Config
                0x080010c0      0x154 ./Core/Src/BME280_STM32.o
                0x080010c0                BME280_Config
 .text.BME280_WakeUP
                0x08001214       0x5c ./Core/Src/BME280_STM32.o
                0x08001214                BME280_WakeUP
 .text.BME280_Measure
                0x08001270       0xa8 ./Core/Src/BME280_STM32.o
                0x08001270                BME280_Measure
 .text.TrimRead
                0x08001318      0x18c ./Core/Src/BME280_STM32.o
 .text.BMEReadRaw
                0x080014a4       0x94 ./Core/Src/BME280_STM32.o
 .text.BME280_compensate_T_int32
                0x08001538       0x84 ./Core/Src/BME280_STM32.o
 .text.BME280_compensate_P_int64
                0x080015bc      0x58c ./Core/Src/BME280_STM32.o
 .text.myprintf
                0x08001b48       0x4c ./Core/Src/main.o
                0x08001b48                myprintf
 .text.main     0x08001b94      0x468 ./Core/Src/main.o
                0x08001b94                main
 .text.SystemClock_Config
                0x08001ffc       0xa2 ./Core/Src/main.o
                0x08001ffc                SystemClock_Config
 *fill*         0x0800209e        0x2 
 .text.MX_I2C1_Init
                0x080020a0       0x80 ./Core/Src/main.o
 .text.MX_SPI3_Init
                0x08002120       0x7c ./Core/Src/main.o
 .text.MX_USART2_UART_Init
                0x0800219c       0x60 ./Core/Src/main.o
 .text.MX_GPIO_Init
                0x080021fc       0x94 ./Core/Src/main.o
 .text.Error_Handler
                0x08002290        0xc ./Core/Src/main.o
                0x08002290                Error_Handler
 .text.ssd1306_Reset
                0x0800229c        0xe ./Core/Src/ssd1306.o
                0x0800229c                ssd1306_Reset
 *fill*         0x080022aa        0x2 
 .text.ssd1306_WriteCommand
                0x080022ac       0x30 ./Core/Src/ssd1306.o
                0x080022ac                ssd1306_WriteCommand
 .text.ssd1306_WriteData
                0x080022dc       0x34 ./Core/Src/ssd1306.o
                0x080022dc                ssd1306_WriteData
 .text.ssd1306_Init
                0x08002310       0xd4 ./Core/Src/ssd1306.o
                0x08002310                ssd1306_Init
 .text.ssd1306_Fill
                0x080023e4       0x30 ./Core/Src/ssd1306.o
                0x080023e4                ssd1306_Fill
 .text.ssd1306_UpdateScreen
                0x08002414       0x50 ./Core/Src/ssd1306.o
                0x08002414                ssd1306_UpdateScreen
 .text.ssd1306_DrawPixel
                0x08002464       0xa8 ./Core/Src/ssd1306.o
                0x08002464                ssd1306_DrawPixel
 .text.ssd1306_WriteChar
                0x0800250c      0x124 ./Core/Src/ssd1306.o
                0x0800250c                ssd1306_WriteChar
 .text.ssd1306_WriteString
                0x08002630       0x4c ./Core/Src/ssd1306.o
                0x08002630                ssd1306_WriteString
 .text.ssd1306_SetCursor
                0x0800267c       0x30 ./Core/Src/ssd1306.o
                0x0800267c                ssd1306_SetCursor
 .text.ssd1306_SetContrast
                0x080026ac       0x26 ./Core/Src/ssd1306.o
                0x080026ac                ssd1306_SetContrast
 *fill*         0x080026d2        0x2 
 .text.ssd1306_SetDisplayOn
                0x080026d4       0x3c ./Core/Src/ssd1306.o
                0x080026d4                ssd1306_SetDisplayOn
 .text.HAL_MspInit
                0x08002710       0x48 ./Core/Src/stm32l4xx_hal_msp.o
                0x08002710                HAL_MspInit
 .text.HAL_I2C_MspInit
                0x08002758       0xb0 ./Core/Src/stm32l4xx_hal_msp.o
                0x08002758                HAL_I2C_MspInit
 .text.HAL_SPI_MspInit
                0x08002808       0x88 ./Core/Src/stm32l4xx_hal_msp.o
                0x08002808                HAL_SPI_MspInit
 .text.HAL_UART_MspInit
                0x08002890       0xd4 ./Core/Src/stm32l4xx_hal_msp.o
                0x08002890                HAL_UART_MspInit
 .text.NMI_Handler
                0x08002964        0x8 ./Core/Src/stm32l4xx_it.o
                0x08002964                NMI_Handler
 .text.HardFault_Handler
                0x0800296c        0x8 ./Core/Src/stm32l4xx_it.o
                0x0800296c                HardFault_Handler
 .text.MemManage_Handler
                0x08002974        0x8 ./Core/Src/stm32l4xx_it.o
                0x08002974                MemManage_Handler
 .text.BusFault_Handler
                0x0800297c        0x8 ./Core/Src/stm32l4xx_it.o
                0x0800297c                BusFault_Handler
 .text.UsageFault_Handler
                0x08002984        0x8 ./Core/Src/stm32l4xx_it.o
                0x08002984                UsageFault_Handler
 .text.SVC_Handler
                0x0800298c        0xe ./Core/Src/stm32l4xx_it.o
                0x0800298c                SVC_Handler
 .text.DebugMon_Handler
                0x0800299a        0xe ./Core/Src/stm32l4xx_it.o
                0x0800299a                DebugMon_Handler
 .text.PendSV_Handler
                0x080029a8        0xe ./Core/Src/stm32l4xx_it.o
                0x080029a8                PendSV_Handler
 .text.SysTick_Handler
                0x080029b6        0xc ./Core/Src/stm32l4xx_it.o
                0x080029b6                SysTick_Handler
 .text._getpid  0x080029c2       0x10 ./Core/Src/syscalls.o
                0x080029c2                _getpid
 .text._kill    0x080029d2       0x20 ./Core/Src/syscalls.o
                0x080029d2                _kill
 .text._exit    0x080029f2       0x16 ./Core/Src/syscalls.o
                0x080029f2                _exit
 .text._read    0x08002a08       0x3a ./Core/Src/syscalls.o
                0x08002a08                _read
 .text._write   0x08002a42       0x38 ./Core/Src/syscalls.o
                0x08002a42                _write
 .text._close   0x08002a7a       0x18 ./Core/Src/syscalls.o
                0x08002a7a                _close
 .text._fstat   0x08002a92       0x20 ./Core/Src/syscalls.o
                0x08002a92                _fstat
 .text._isatty  0x08002ab2       0x16 ./Core/Src/syscalls.o
                0x08002ab2                _isatty
 .text._lseek   0x08002ac8       0x1a ./Core/Src/syscalls.o
                0x08002ac8                _lseek
 *fill*         0x08002ae2        0x2 
 .text._sbrk    0x08002ae4       0x6c ./Core/Src/sysmem.o
                0x08002ae4                _sbrk
 .text.SystemInit
                0x08002b50       0x24 ./Core/Src/system_stm32l4xx.o
                0x08002b50                SystemInit
 .text.Reset_Handler
                0x08002b74       0x50 ./Core/Startup/startup_stm32l432kcux.o
                0x08002b74                Reset_Handler
 .text.Default_Handler
                0x08002bc4        0x2 ./Core/Startup/startup_stm32l432kcux.o
                0x08002bc4                RTC_Alarm_IRQHandler
                0x08002bc4                EXTI2_IRQHandler
                0x08002bc4                TIM1_CC_IRQHandler
                0x08002bc4                TSC_IRQHandler
                0x08002bc4                TAMP_STAMP_IRQHandler
                0x08002bc4                EXTI3_IRQHandler
                0x08002bc4                LPTIM2_IRQHandler
                0x08002bc4                I2C3_ER_IRQHandler
                0x08002bc4                EXTI0_IRQHandler
                0x08002bc4                CAN1_RX0_IRQHandler
                0x08002bc4                FPU_IRQHandler
                0x08002bc4                TIM1_UP_TIM16_IRQHandler
                0x08002bc4                SPI1_IRQHandler
                0x08002bc4                TIM6_DAC_IRQHandler
                0x08002bc4                DMA2_Channel2_IRQHandler
                0x08002bc4                DMA1_Channel4_IRQHandler
                0x08002bc4                ADC1_IRQHandler
                0x08002bc4                DMA1_Channel7_IRQHandler
                0x08002bc4                CAN1_RX1_IRQHandler
                0x08002bc4                DMA2_Channel1_IRQHandler
                0x08002bc4                QUADSPI_IRQHandler
                0x08002bc4                I2C1_EV_IRQHandler
                0x08002bc4                DMA1_Channel6_IRQHandler
                0x08002bc4                DMA2_Channel4_IRQHandler
                0x08002bc4                RCC_IRQHandler
                0x08002bc4                TIM1_TRG_COM_IRQHandler
                0x08002bc4                DMA1_Channel1_IRQHandler
                0x08002bc4                Default_Handler
                0x08002bc4                DMA2_Channel7_IRQHandler
                0x08002bc4                EXTI15_10_IRQHandler
                0x08002bc4                TIM7_IRQHandler
                0x08002bc4                I2C3_EV_IRQHandler
                0x08002bc4                USB_IRQHandler
                0x08002bc4                EXTI9_5_IRQHandler
                0x08002bc4                RTC_WKUP_IRQHandler
                0x08002bc4                PVD_PVM_IRQHandler
                0x08002bc4                CAN1_TX_IRQHandler
                0x08002bc4                DMA2_Channel5_IRQHandler
                0x08002bc4                CRS_IRQHandler
                0x08002bc4                DMA1_Channel5_IRQHandler
                0x08002bc4                EXTI4_IRQHandler
                0x08002bc4                RNG_IRQHandler
                0x08002bc4                DMA1_Channel3_IRQHandler
                0x08002bc4                COMP_IRQHandler
                0x08002bc4                WWDG_IRQHandler
                0x08002bc4                LPUART1_IRQHandler
                0x08002bc4                DMA2_Channel6_IRQHandler
                0x08002bc4                TIM2_IRQHandler
                0x08002bc4                EXTI1_IRQHandler
                0x08002bc4                USART2_IRQHandler
                0x08002bc4                DMA1_Channel2_IRQHandler
                0x08002bc4                CAN1_SCE_IRQHandler
                0x08002bc4                FLASH_IRQHandler
                0x08002bc4                USART1_IRQHandler
                0x08002bc4                SPI3_IRQHandler
                0x08002bc4                I2C1_ER_IRQHandler
                0x08002bc4                SWPMI1_IRQHandler
                0x08002bc4                LPTIM1_IRQHandler
                0x08002bc4                SAI1_IRQHandler
                0x08002bc4                DMA2_Channel3_IRQHandler
                0x08002bc4                TIM1_BRK_TIM15_IRQHandler
 .text.HAL_Init
                0x08002bc6       0x30 ./Drivers/STM32L4xx_HAL_Driver/Src/stm32l4xx_hal.o
                0x08002bc6                HAL_Init
 *fill*         0x08002bf6        0x2 
 .text.HAL_InitTick
                0x08002bf8       0x78 ./Drivers/STM32L4xx_HAL_Driver/Src/stm32l4xx_hal.o
                0x08002bf8                HAL_InitTick
 .text.HAL_IncTick
                0x08002c70       0x28 ./Drivers/STM32L4xx_HAL_Driver/Src/stm32l4xx_hal.o
                0x08002c70                HAL_IncTick
 .text.HAL_GetTick
                0x08002c98       0x18 ./Drivers/STM32L4xx_HAL_Driver/Src/stm32l4xx_hal.o
                0x08002c98                HAL_GetTick
 .text.HAL_Delay
                0x08002cb0       0x48 ./Drivers/STM32L4xx_HAL_Driver/Src/stm32l4xx_hal.o
                0x08002cb0                HAL_Delay
 .text.__NVIC_SetPriorityGrouping
                0x08002cf8       0x48 ./Drivers/STM32L4xx_HAL_Driver/Src/stm32l4xx_hal_cortex.o
 .text.__NVIC_GetPriorityGrouping
                0x08002d40       0x1c ./Drivers/STM32L4xx_HAL_Driver/Src/stm32l4xx_hal_cortex.o
 .text.__NVIC_SetPriority
                0x08002d5c       0x54 ./Drivers/STM32L4xx_HAL_Driver/Src/stm32l4xx_hal_cortex.o
 .text.NVIC_EncodePriority
                0x08002db0       0x66 ./Drivers/STM32L4xx_HAL_Driver/Src/stm32l4xx_hal_cortex.o
 *fill*         0x08002e16        0x2 
 .text.SysTick_Config
                0x08002e18       0x44 ./Drivers/STM32L4xx_HAL_Driver/Src/stm32l4xx_hal_cortex.o
 .text.HAL_NVIC_SetPriorityGrouping
                0x08002e5c       0x16 ./Drivers/STM32L4xx_HAL_Driver/Src/stm32l4xx_hal_cortex.o
                0x08002e5c                HAL_NVIC_SetPriorityGrouping
 .text.HAL_NVIC_SetPriority
                0x08002e72       0x38 ./Drivers/STM32L4xx_HAL_Driver/Src/stm32l4xx_hal_cortex.o
                0x08002e72                HAL_NVIC_SetPriority
 .text.HAL_SYSTICK_Config
                0x08002eaa       0x18 ./Drivers/STM32L4xx_HAL_Driver/Src/stm32l4xx_hal_cortex.o
                0x08002eaa                HAL_SYSTICK_Config
 *fill*         0x08002ec2        0x2 
 .text.HAL_GPIO_Init
                0x08002ec4      0x2d4 ./Drivers/STM32L4xx_HAL_Driver/Src/stm32l4xx_hal_gpio.o
                0x08002ec4                HAL_GPIO_Init
 .text.HAL_GPIO_WritePin
                0x08003198       0x30 ./Drivers/STM32L4xx_HAL_Driver/Src/stm32l4xx_hal_gpio.o
                0x08003198                HAL_GPIO_WritePin
 .text.HAL_I2C_Init
                0x080031c8      0x136 ./Drivers/STM32L4xx_HAL_Driver/Src/stm32l4xx_hal_i2c.o
                0x080031c8                HAL_I2C_Init
 *fill*         0x080032fe        0x2 
 .text.HAL_I2C_Mem_Write
                0x08003300      0x228 ./Drivers/STM32L4xx_HAL_Driver/Src/stm32l4xx_hal_i2c.o
                0x08003300                HAL_I2C_Mem_Write
 .text.HAL_I2C_Mem_Read
                0x08003528      0x234 ./Drivers/STM32L4xx_HAL_Driver/Src/stm32l4xx_hal_i2c.o
                0x08003528                HAL_I2C_Mem_Read
 .text.I2C_RequestMemoryWrite
                0x0800375c       0xa8 ./Drivers/STM32L4xx_HAL_Driver/Src/stm32l4xx_hal_i2c.o
 .text.I2C_RequestMemoryRead
                0x08003804       0xa8 ./Drivers/STM32L4xx_HAL_Driver/Src/stm32l4xx_hal_i2c.o
 .text.I2C_Flush_TXDR
                0x080038ac       0x48 ./Drivers/STM32L4xx_HAL_Driver/Src/stm32l4xx_hal_i2c.o
 .text.I2C_WaitOnFlagUntilTimeout
                0x080038f4       0xb2 ./Drivers/STM32L4xx_HAL_Driver/Src/stm32l4xx_hal_i2c.o
 .text.I2C_WaitOnTXISFlagUntilTimeout
                0x080039a6       0x8e ./Drivers/STM32L4xx_HAL_Driver/Src/stm32l4xx_hal_i2c.o
 .text.I2C_WaitOnSTOPFlagUntilTimeout
                0x08003a34       0x86 ./Drivers/STM32L4xx_HAL_Driver/Src/stm32l4xx_hal_i2c.o
 *fill*         0x08003aba        0x2 
 .text.I2C_IsErrorOccurred
                0x08003abc      0x1c0 ./Drivers/STM32L4xx_HAL_Driver/Src/stm32l4xx_hal_i2c.o
 .text.I2C_TransferConfig
                0x08003c7c       0x64 ./Drivers/STM32L4xx_HAL_Driver/Src/stm32l4xx_hal_i2c.o
 .text.HAL_I2CEx_ConfigAnalogFilter
                0x08003ce0       0x96 ./Drivers/STM32L4xx_HAL_Driver/Src/stm32l4xx_hal_i2c_ex.o
                0x08003ce0                HAL_I2CEx_ConfigAnalogFilter
 .text.HAL_I2CEx_ConfigDigitalFilter
                0x08003d76       0x98 ./Drivers/STM32L4xx_HAL_Driver/Src/stm32l4xx_hal_i2c_ex.o
                0x08003d76                HAL_I2CEx_ConfigDigitalFilter
 *fill*         0x08003e0e        0x2 
 .text.HAL_PWREx_GetVoltageRange
                0x08003e10       0x1c ./Drivers/STM32L4xx_HAL_Driver/Src/stm32l4xx_hal_pwr_ex.o
                0x08003e10                HAL_PWREx_GetVoltageRange
 .text.HAL_PWREx_ControlVoltageScaling
                0x08003e2c       0xac ./Drivers/STM32L4xx_HAL_Driver/Src/stm32l4xx_hal_pwr_ex.o
                0x08003e2c                HAL_PWREx_ControlVoltageScaling
 .text.HAL_RCC_OscConfig
                0x08003ed8      0x828 ./Drivers/STM32L4xx_HAL_Driver/Src/stm32l4xx_hal_rcc.o
                0x08003ed8                HAL_RCC_OscConfig
 .text.HAL_RCC_ClockConfig
                0x08004700      0x200 ./Drivers/STM32L4xx_HAL_Driver/Src/stm32l4xx_hal_rcc.o
                0x08004700                HAL_RCC_ClockConfig
 .text.HAL_RCC_GetSysClockFreq
                0x08004900      0x118 ./Drivers/STM32L4xx_HAL_Driver/Src/stm32l4xx_hal_rcc.o
                0x08004900                HAL_RCC_GetSysClockFreq
 .text.HAL_RCC_GetHCLKFreq
                0x08004a18       0x18 ./Drivers/STM32L4xx_HAL_Driver/Src/stm32l4xx_hal_rcc.o
                0x08004a18                HAL_RCC_GetHCLKFreq
 .text.HAL_RCC_GetPCLK1Freq
                0x08004a30       0x2c ./Drivers/STM32L4xx_HAL_Driver/Src/stm32l4xx_hal_rcc.o
                0x08004a30                HAL_RCC_GetPCLK1Freq
 .text.HAL_RCC_GetPCLK2Freq
                0x08004a5c       0x2c ./Drivers/STM32L4xx_HAL_Driver/Src/stm32l4xx_hal_rcc.o
                0x08004a5c                HAL_RCC_GetPCLK2Freq
 .text.RCC_SetFlashLatencyFromMSIRange
                0x08004a88       0xc0 ./Drivers/STM32L4xx_HAL_Driver/Src/stm32l4xx_hal_rcc.o
 .text.HAL_RCCEx_PeriphCLKConfig
                0x08004b48      0x3ec ./Drivers/STM32L4xx_HAL_Driver/Src/stm32l4xx_hal_rcc_ex.o
                0x08004b48                HAL_RCCEx_PeriphCLKConfig
 .text.RCCEx_PLLSAI1_Config
                0x08004f34      0x1e4 ./Drivers/STM32L4xx_HAL_Driver/Src/stm32l4xx_hal_rcc_ex.o
 .text.HAL_SPI_Init
                0x08005118      0x146 ./Drivers/STM32L4xx_HAL_Driver/Src/stm32l4xx_hal_spi.o
                0x08005118                HAL_SPI_Init
 .text.HAL_SPI_Transmit
                0x0800525e      0x2ec ./Drivers/STM32L4xx_HAL_Driver/Src/stm32l4xx_hal_spi.o
                0x0800525e                HAL_SPI_Transmit
 .text.HAL_SPI_TransmitReceive
                0x0800554a      0x43e ./Drivers/STM32L4xx_HAL_Driver/Src/stm32l4xx_hal_spi.o
                0x0800554a                HAL_SPI_TransmitReceive
 .text.SPI_WaitFlagStateUntilTimeout
                0x08005988      0x110 ./Drivers/STM32L4xx_HAL_Driver/Src/stm32l4xx_hal_spi.o
 .text.SPI_WaitFifoStateUntilTimeout
                0x08005a98      0x12c ./Drivers/STM32L4xx_HAL_Driver/Src/stm32l4xx_hal_spi.o
 .text.SPI_EndRxTxTransaction
                0x08005bc4       0x8c ./Drivers/STM32L4xx_HAL_Driver/Src/stm32l4xx_hal_spi.o
 .text.HAL_UART_Init
                0x08005c50       0x9c ./Drivers/STM32L4xx_HAL_Driver/Src/stm32l4xx_hal_uart.o
                0x08005c50                HAL_UART_Init
 .text.HAL_UART_Transmit
                0x08005cec      0x126 ./Drivers/STM32L4xx_HAL_Driver/Src/stm32l4xx_hal_uart.o
                0x08005cec                HAL_UART_Transmit
 *fill*         0x08005e12        0x2 
 .text.UART_SetConfig
                0x08005e14      0x458 ./Drivers/STM32L4xx_HAL_Driver/Src/stm32l4xx_hal_uart.o
                0x08005e14                UART_SetConfig
 .text.UART_AdvFeatureConfig
                0x0800626c      0x144 ./Drivers/STM32L4xx_HAL_Driver/Src/stm32l4xx_hal_uart.o
                0x0800626c                UART_AdvFeatureConfig
 .text.UART_CheckIdleState
                0x080063b0      0x150 ./Drivers/STM32L4xx_HAL_Driver/Src/stm32l4xx_hal_uart.o
                0x080063b0                UART_CheckIdleState
 .text.UART_WaitOnFlagUntilTimeout
                0x08006500       0xda ./Drivers/STM32L4xx_HAL_Driver/Src/stm32l4xx_hal_uart.o
                0x08006500                UART_WaitOnFlagUntilTimeout
 .text.UART_EndRxTransfer
                0x080065da       0xc8 ./Drivers/STM32L4xx_HAL_Driver/Src/stm32l4xx_hal_uart.o
 *fill*         0x080066a2        0x2 
 .text.MX_FATFS_Init
                0x080066a4       0x24 ./FATFS/App/fatfs.o
                0x080066a4                MX_FATFS_Init
 .text.get_fattime
                0x080066c8       0x10 ./FATFS/App/fatfs.o
                0x080066c8                get_fattime
 .text.USER_initialize
                0x080066d8       0x1c ./FATFS/Target/user_diskio.o
                0x080066d8                USER_initialize
 .text.USER_status
                0x080066f4       0x1c ./FATFS/Target/user_diskio.o
                0x080066f4                USER_status
 .text.USER_read
                0x08006710       0x26 ./FATFS/Target/user_diskio.o
                0x08006710                USER_read
 .text.USER_write
                0x08006736       0x26 ./FATFS/Target/user_diskio.o
                0x08006736                USER_write
 .text.USER_ioctl
                0x0800675c       0x26 ./FATFS/Target/user_diskio.o
                0x0800675c                USER_ioctl
 *fill*         0x08006782        0x2 
 .text.SPI_Timer_On
                0x08006784       0x28 ./FATFS/Target/user_diskio_spi.o
                0x08006784                SPI_Timer_On
 .text.SPI_Timer_Status
                0x080067ac       0x2c ./FATFS/Target/user_diskio_spi.o
                0x080067ac                SPI_Timer_Status
 .text.xchg_spi
                0x080067d8       0x2c ./FATFS/Target/user_diskio_spi.o
 .text.rcvr_spi_multi
                0x08006804       0x38 ./FATFS/Target/user_diskio_spi.o
 .text.xmit_spi_multi
                0x0800683c       0x28 ./FATFS/Target/user_diskio_spi.o
 .text.wait_ready
                0x08006864       0x46 ./FATFS/Target/user_diskio_spi.o
 *fill*         0x080068aa        0x2 
 .text.despiselect
                0x080068ac       0x1c ./FATFS/Target/user_diskio_spi.o
 .text.spiselect
                0x080068c8       0x34 ./FATFS/Target/user_diskio_spi.o
 .text.rcvr_datablock
                0x080068fc       0x52 ./FATFS/Target/user_diskio_spi.o
 .text.xmit_datablock
                0x0800694e       0x64 ./FATFS/Target/user_diskio_spi.o
 .text.send_cmd
                0x080069b2       0xde ./FATFS/Target/user_diskio_spi.o
 .text.USER_SPI_initialize
                0x08006a90      0x1d4 ./FATFS/Target/user_diskio_spi.o
                0x08006a90                USER_SPI_initialize
 .text.USER_SPI_status
                0x08006c64       0x2c ./FATFS/Target/user_diskio_spi.o
                0x08006c64                USER_SPI_status
 .text.USER_SPI_read
                0x08006c90       0xcc ./FATFS/Target/user_diskio_spi.o
                0x08006c90                USER_SPI_read
 .text.USER_SPI_write
                0x08006d5c       0xf8 ./FATFS/Target/user_diskio_spi.o
                0x08006d5c                USER_SPI_write
 .text.USER_SPI_ioctl
                0x08006e54      0x2e0 ./FATFS/Target/user_diskio_spi.o
                0x08006e54                USER_SPI_ioctl
 .text.disk_status
                0x08007134       0x34 ./Middlewares/Third_Party/FatFs/src/diskio.o
                0x08007134                disk_status
 .text.disk_initialize
                0x08007168       0x4c ./Middlewares/Third_Party/FatFs/src/diskio.o
                0x08007168                disk_initialize
 .text.disk_read
                0x080071b4       0x40 ./Middlewares/Third_Party/FatFs/src/diskio.o
                0x080071b4                disk_read
 .text.disk_write
                0x080071f4       0x40 ./Middlewares/Third_Party/FatFs/src/diskio.o
                0x080071f4                disk_write
 .text.disk_ioctl
                0x08007234       0x3c ./Middlewares/Third_Party/FatFs/src/diskio.o
                0x08007234                disk_ioctl
 .text.ld_word  0x08007270       0x32 ./Middlewares/Third_Party/FatFs/src/ff.o
 .text.ld_dword
                0x080072a2       0x46 ./Middlewares/Third_Party/FatFs/src/ff.o
 .text.st_word  0x080072e8       0x36 ./Middlewares/Third_Party/FatFs/src/ff.o
 .text.st_dword
                0x0800731e       0x58 ./Middlewares/Third_Party/FatFs/src/ff.o
 .text.mem_cpy  0x08007376       0x42 ./Middlewares/Third_Party/FatFs/src/ff.o
 .text.mem_set  0x080073b8       0x36 ./Middlewares/Third_Party/FatFs/src/ff.o
 .text.mem_cmp  0x080073ee       0x4e ./Middlewares/Third_Party/FatFs/src/ff.o
 .text.chk_chr  0x0800743c       0x36 ./Middlewares/Third_Party/FatFs/src/ff.o
 *fill*         0x08007472        0x2 
 .text.chk_lock
                0x08007474       0xb8 ./Middlewares/Third_Party/FatFs/src/ff.o
 .text.enq_lock
                0x0800752c       0x44 ./Middlewares/Third_Party/FatFs/src/ff.o
 .text.inc_lock
                0x08007570      0x11c ./Middlewares/Third_Party/FatFs/src/ff.o
 .text.dec_lock
                0x0800768c       0x78 ./Middlewares/Third_Party/FatFs/src/ff.o
 .text.clear_lock
                0x08007704       0x48 ./Middlewares/Third_Party/FatFs/src/ff.o
 .text.sync_window
                0x0800774c       0x88 ./Middlewares/Third_Party/FatFs/src/ff.o
 .text.move_window
                0x080077d4       0x5a ./Middlewares/Third_Party/FatFs/src/ff.o
 *fill*         0x0800782e        0x2 
 .text.sync_fs  0x08007830       0xdc ./Middlewares/Third_Party/FatFs/src/ff.o
 .text.clust2sect
                0x0800790c       0x3e ./Middlewares/Third_Party/FatFs/src/ff.o
 .text.get_fat  0x0800794a      0x14e ./Middlewares/Third_Party/FatFs/src/ff.o
 .text.put_fat  0x08007a98      0x1d4 ./Middlewares/Third_Party/FatFs/src/ff.o
 .text.remove_chain
                0x08007c6c       0xca ./Middlewares/Third_Party/FatFs/src/ff.o
 .text.create_chain
                0x08007d36      0x130 ./Middlewares/Third_Party/FatFs/src/ff.o
 .text.clmt_clust
                0x08007e66       0x68 ./Middlewares/Third_Party/FatFs/src/ff.o
 .text.dir_sdi  0x08007ece       0xf6 ./Middlewares/Third_Party/FatFs/src/ff.o
 .text.dir_next
                0x08007fc4      0x18a ./Middlewares/Third_Party/FatFs/src/ff.o
 .text.dir_alloc
                0x0800814e       0x8e ./Middlewares/Third_Party/FatFs/src/ff.o
 .text.ld_clust
                0x080081dc       0x3e ./Middlewares/Third_Party/FatFs/src/ff.o
 .text.st_clust
                0x0800821a       0x40 ./Middlewares/Third_Party/FatFs/src/ff.o
 .text.dir_find
                0x0800825a       0xaa ./Middlewares/Third_Party/FatFs/src/ff.o
 .text.dir_register
                0x08008304       0x64 ./Middlewares/Third_Party/FatFs/src/ff.o
 .text.create_name
                0x08008368      0x128 ./Middlewares/Third_Party/FatFs/src/ff.o
 .text.follow_path
                0x08008490       0xe2 ./Middlewares/Third_Party/FatFs/src/ff.o
 .text.get_ldnumber
                0x08008572       0x88 ./Middlewares/Third_Party/FatFs/src/ff.o
 *fill*         0x080085fa        0x2 
 .text.check_fs
                0x080085fc       0xac ./Middlewares/Third_Party/FatFs/src/ff.o
 .text.find_volume
                0x080086a8      0x498 ./Middlewares/Third_Party/FatFs/src/ff.o
 .text.validate
                0x08008b40       0x6a ./Middlewares/Third_Party/FatFs/src/ff.o
 *fill*         0x08008baa        0x2 
 .text.f_mount  0x08008bac       0x8c ./Middlewares/Third_Party/FatFs/src/ff.o
                0x08008bac                f_mount
 .text.f_open   0x08008c38      0x374 ./Middlewares/Third_Party/FatFs/src/ff.o
                0x08008c38                f_open
 .text.f_read   0x08008fac      0x27e ./Middlewares/Third_Party/FatFs/src/ff.o
                0x08008fac                f_read
 .text.f_write  0x0800922a      0x2ea ./Middlewares/Third_Party/FatFs/src/ff.o
                0x0800922a                f_write
 .text.f_sync   0x08009514       0xfc ./Middlewares/Third_Party/FatFs/src/ff.o
                0x08009514                f_sync
 .text.f_close  0x08009610       0x54 ./Middlewares/Third_Party/FatFs/src/ff.o
                0x08009610                f_close
 .text.f_getfree
                0x08009664      0x16a ./Middlewares/Third_Party/FatFs/src/ff.o
                0x08009664                f_getfree
 .text.f_gets   0x080097ce       0x7c ./Middlewares/Third_Party/FatFs/src/ff.o
                0x080097ce                f_gets
 *fill*         0x0800984a        0x2 
 .text.FATFS_LinkDriverEx
                0x0800984c       0x98 ./Middlewares/Third_Party/FatFs/src/ff_gen_drv.o
                0x0800984c                FATFS_LinkDriverEx
 .text.FATFS_LinkDriver
                0x080098e4       0x1e ./Middlewares/Third_Party/FatFs/src/ff_gen_drv.o
                0x080098e4                FATFS_LinkDriver
 .text.__cvt    0x08009902       0xca D:/Applications/STM32CubeIDE_1.18.1/STM32CubeIDE/plugins/com.st.stm32cube.ide.mcu.externaltools.gnu-tools-for-stm32.13.3.rel1.win32_1.0.0.202411081344/tools/bin/../lib/gcc/arm-none-eabi/13.3.1/../../../../arm-none-eabi/lib/thumb/v7e-m+fp/hard\libc_nano.a(libc_a-nano-vfprintf_float.o)
                0x08009902                __cvt
 .text.__exponent
                0x080099cc       0x74 D:/Applications/STM32CubeIDE_1.18.1/STM32CubeIDE/plugins/com.st.stm32cube.ide.mcu.externaltools.gnu-tools-for-stm32.13.3.rel1.win32_1.0.0.202411081344/tools/bin/../lib/gcc/arm-none-eabi/13.3.1/../../../../arm-none-eabi/lib/thumb/v7e-m+fp/hard\libc_nano.a(libc_a-nano-vfprintf_float.o)
                0x080099cc                __exponent
 .text._printf_float
                0x08009a40      0x454 D:/Applications/STM32CubeIDE_1.18.1/STM32CubeIDE/plugins/com.st.stm32cube.ide.mcu.externaltools.gnu-tools-for-stm32.13.3.rel1.win32_1.0.0.202411081344/tools/bin/../lib/gcc/arm-none-eabi/13.3.1/../../../../arm-none-eabi/lib/thumb/v7e-m+fp/hard\libc_nano.a(libc_a-nano-vfprintf_float.o)
                0x08009a40                _printf_float
 .text._printf_common
                0x08009e94       0xda D:/Applications/STM32CubeIDE_1.18.1/STM32CubeIDE/plugins/com.st.stm32cube.ide.mcu.externaltools.gnu-tools-for-stm32.13.3.rel1.win32_1.0.0.202411081344/tools/bin/../lib/gcc/arm-none-eabi/13.3.1/../../../../arm-none-eabi/lib/thumb/v7e-m+fp/hard\libc_nano.a(libc_a-nano-vfprintf_i.o)
                0x08009e94                _printf_common
 *fill*         0x08009f6e        0x2 
 .text._printf_i
                0x08009f70      0x23c D:/Applications/STM32CubeIDE_1.18.1/STM32CubeIDE/plugins/com.st.stm32cube.ide.mcu.externaltools.gnu-tools-for-stm32.13.3.rel1.win32_1.0.0.202411081344/tools/bin/../lib/gcc/arm-none-eabi/13.3.1/../../../../arm-none-eabi/lib/thumb/v7e-m+fp/hard\libc_nano.a(libc_a-nano-vfprintf_i.o)
                0x08009f70                _printf_i
 .text._scanf_float
                0x0800a1ac      0x41c D:/Applications/STM32CubeIDE_1.18.1/STM32CubeIDE/plugins/com.st.stm32cube.ide.mcu.externaltools.gnu-tools-for-stm32.13.3.rel1.win32_1.0.0.202411081344/tools/bin/../lib/gcc/arm-none-eabi/13.3.1/../../../../arm-none-eabi/lib/thumb/v7e-m+fp/hard\libc_nano.a(libc_a-nano-vfscanf_float.o)
                0x0800a1ac                _scanf_float
 .text.std      0x0800a5c8       0x6c D:/Applications/STM32CubeIDE_1.18.1/STM32CubeIDE/plugins/com.st.stm32cube.ide.mcu.externaltools.gnu-tools-for-stm32.13.3.rel1.win32_1.0.0.202411081344/tools/bin/../lib/gcc/arm-none-eabi/13.3.1/../../../../arm-none-eabi/lib/thumb/v7e-m+fp/hard\libc_nano.a(libc_a-findfp.o)
 .text.stdio_exit_handler
                0x0800a634       0x18 D:/Applications/STM32CubeIDE_1.18.1/STM32CubeIDE/plugins/com.st.stm32cube.ide.mcu.externaltools.gnu-tools-for-stm32.13.3.rel1.win32_1.0.0.202411081344/tools/bin/../lib/gcc/arm-none-eabi/13.3.1/../../../../arm-none-eabi/lib/thumb/v7e-m+fp/hard\libc_nano.a(libc_a-findfp.o)
 .text.cleanup_stdio
                0x0800a64c       0x40 D:/Applications/STM32CubeIDE_1.18.1/STM32CubeIDE/plugins/com.st.stm32cube.ide.mcu.externaltools.gnu-tools-for-stm32.13.3.rel1.win32_1.0.0.202411081344/tools/bin/../lib/gcc/arm-none-eabi/13.3.1/../../../../arm-none-eabi/lib/thumb/v7e-m+fp/hard\libc_nano.a(libc_a-findfp.o)
 .text.global_stdio_init.part.0
                0x0800a68c       0x3c D:/Applications/STM32CubeIDE_1.18.1/STM32CubeIDE/plugins/com.st.stm32cube.ide.mcu.externaltools.gnu-tools-for-stm32.13.3.rel1.win32_1.0.0.202411081344/tools/bin/../lib/gcc/arm-none-eabi/13.3.1/../../../../arm-none-eabi/lib/thumb/v7e-m+fp/hard\libc_nano.a(libc_a-findfp.o)
 .text.__sfp_lock_acquire
                0x0800a6c8        0xc D:/Applications/STM32CubeIDE_1.18.1/STM32CubeIDE/plugins/com.st.stm32cube.ide.mcu.externaltools.gnu-tools-for-stm32.13.3.rel1.win32_1.0.0.202411081344/tools/bin/../lib/gcc/arm-none-eabi/13.3.1/../../../../arm-none-eabi/lib/thumb/v7e-m+fp/hard\libc_nano.a(libc_a-findfp.o)
                0x0800a6c8                __sfp_lock_acquire
 .text.__sfp_lock_release
                0x0800a6d4        0xc D:/Applications/STM32CubeIDE_1.18.1/STM32CubeIDE/plugins/com.st.stm32cube.ide.mcu.externaltools.gnu-tools-for-stm32.13.3.rel1.win32_1.0.0.202411081344/tools/bin/../lib/gcc/arm-none-eabi/13.3.1/../../../../arm-none-eabi/lib/thumb/v7e-m+fp/hard\libc_nano.a(libc_a-findfp.o)
                0x0800a6d4                __sfp_lock_release
 .text.__sinit  0x0800a6e0       0x30 D:/Applications/STM32CubeIDE_1.18.1/STM32CubeIDE/plugins/com.st.stm32cube.ide.mcu.externaltools.gnu-tools-for-stm32.13.3.rel1.win32_1.0.0.202411081344/tools/bin/../lib/gcc/arm-none-eabi/13.3.1/../../../../arm-none-eabi/lib/thumb/v7e-m+fp/hard\libc_nano.a(libc_a-findfp.o)
                0x0800a6e0                __sinit
 .text._fwalk_sglue
                0x0800a710       0x3c D:/Applications/STM32CubeIDE_1.18.1/STM32CubeIDE/plugins/com.st.stm32cube.ide.mcu.externaltools.gnu-tools-for-stm32.13.3.rel1.win32_1.0.0.202411081344/tools/bin/../lib/gcc/arm-none-eabi/13.3.1/../../../../arm-none-eabi/lib/thumb/v7e-m+fp/hard\libc_nano.a(libc_a-fwalk.o)
                0x0800a710                _fwalk_sglue
 .text.sprintf  0x0800a74c       0x44 D:/Applications/STM32CubeIDE_1.18.1/STM32CubeIDE/plugins/com.st.stm32cube.ide.mcu.externaltools.gnu-tools-for-stm32.13.3.rel1.win32_1.0.0.202411081344/tools/bin/../lib/gcc/arm-none-eabi/13.3.1/../../../../arm-none-eabi/lib/thumb/v7e-m+fp/hard\libc_nano.a(libc_a-sprintf.o)
                0x0800a74c                siprintf
                0x0800a74c                sprintf
 .text.__sread  0x0800a790       0x22 D:/Applications/STM32CubeIDE_1.18.1/STM32CubeIDE/plugins/com.st.stm32cube.ide.mcu.externaltools.gnu-tools-for-stm32.13.3.rel1.win32_1.0.0.202411081344/tools/bin/../lib/gcc/arm-none-eabi/13.3.1/../../../../arm-none-eabi/lib/thumb/v7e-m+fp/hard\libc_nano.a(libc_a-stdio.o)
                0x0800a790                __sread
 .text.__swrite
                0x0800a7b2       0x38 D:/Applications/STM32CubeIDE_1.18.1/STM32CubeIDE/plugins/com.st.stm32cube.ide.mcu.externaltools.gnu-tools-for-stm32.13.3.rel1.win32_1.0.0.202411081344/tools/bin/../lib/gcc/arm-none-eabi/13.3.1/../../../../arm-none-eabi/lib/thumb/v7e-m+fp/hard\libc_nano.a(libc_a-stdio.o)
                0x0800a7b2                __swrite
 .text.__sseek  0x0800a7ea       0x24 D:/Applications/STM32CubeIDE_1.18.1/STM32CubeIDE/plugins/com.st.stm32cube.ide.mcu.externaltools.gnu-tools-for-stm32.13.3.rel1.win32_1.0.0.202411081344/tools/bin/../lib/gcc/arm-none-eabi/13.3.1/../../../../arm-none-eabi/lib/thumb/v7e-m+fp/hard\libc_nano.a(libc_a-stdio.o)
                0x0800a7ea                __sseek
 .text.__sclose
                0x0800a80e        0x8 D:/Applications/STM32CubeIDE_1.18.1/STM32CubeIDE/plugins/com.st.stm32cube.ide.mcu.externaltools.gnu-tools-for-stm32.13.3.rel1.win32_1.0.0.202411081344/tools/bin/../lib/gcc/arm-none-eabi/13.3.1/../../../../arm-none-eabi/lib/thumb/v7e-m+fp/hard\libc_nano.a(libc_a-stdio.o)
                0x0800a80e                __sclose
 .text._vsnprintf_r
                0x0800a816       0x5c D:/Applications/STM32CubeIDE_1.18.1/STM32CubeIDE/plugins/com.st.stm32cube.ide.mcu.externaltools.gnu-tools-for-stm32.13.3.rel1.win32_1.0.0.202411081344/tools/bin/../lib/gcc/arm-none-eabi/13.3.1/../../../../arm-none-eabi/lib/thumb/v7e-m+fp/hard\libc_nano.a(libc_a-vsnprintf.o)
                0x0800a816                _vsniprintf_r
                0x0800a816                _vsnprintf_r
 *fill*         0x0800a872        0x2 
 .text.vsnprintf
                0x0800a874       0x1c D:/Applications/STM32CubeIDE_1.18.1/STM32CubeIDE/plugins/com.st.stm32cube.ide.mcu.externaltools.gnu-tools-for-stm32.13.3.rel1.win32_1.0.0.202411081344/tools/bin/../lib/gcc/arm-none-eabi/13.3.1/../../../../arm-none-eabi/lib/thumb/v7e-m+fp/hard\libc_nano.a(libc_a-vsnprintf.o)
                0x0800a874                vsniprintf
                0x0800a874                vsnprintf
 .text.memset   0x0800a890       0x10 D:/Applications/STM32CubeIDE_1.18.1/STM32CubeIDE/plugins/com.st.stm32cube.ide.mcu.externaltools.gnu-tools-for-stm32.13.3.rel1.win32_1.0.0.202411081344/tools/bin/../lib/gcc/arm-none-eabi/13.3.1/../../../../arm-none-eabi/lib/thumb/v7e-m+fp/hard\libc_nano.a(libc_a-memset.o)
                0x0800a890                memset
 .text._localeconv_r
                0x0800a8a0        0x8 D:/Applications/STM32CubeIDE_1.18.1/STM32CubeIDE/plugins/com.st.stm32cube.ide.mcu.externaltools.gnu-tools-for-stm32.13.3.rel1.win32_1.0.0.202411081344/tools/bin/../lib/gcc/arm-none-eabi/13.3.1/../../../../arm-none-eabi/lib/thumb/v7e-m+fp/hard\libc_nano.a(libc_a-localeconv.o)
                0x0800a8a0                _localeconv_r
 .text._close_r
                0x0800a8a8       0x20 D:/Applications/STM32CubeIDE_1.18.1/STM32CubeIDE/plugins/com.st.stm32cube.ide.mcu.externaltools.gnu-tools-for-stm32.13.3.rel1.win32_1.0.0.202411081344/tools/bin/../lib/gcc/arm-none-eabi/13.3.1/../../../../arm-none-eabi/lib/thumb/v7e-m+fp/hard\libc_nano.a(libc_a-closer.o)
                0x0800a8a8                _close_r
 .text._lseek_r
                0x0800a8c8       0x24 D:/Applications/STM32CubeIDE_1.18.1/STM32CubeIDE/plugins/com.st.stm32cube.ide.mcu.externaltools.gnu-tools-for-stm32.13.3.rel1.win32_1.0.0.202411081344/tools/bin/../lib/gcc/arm-none-eabi/13.3.1/../../../../arm-none-eabi/lib/thumb/v7e-m+fp/hard\libc_nano.a(libc_a-lseekr.o)
                0x0800a8c8                _lseek_r
 .text._read_r  0x0800a8ec       0x24 D:/Applications/STM32CubeIDE_1.18.1/STM32CubeIDE/plugins/com.st.stm32cube.ide.mcu.externaltools.gnu-tools-for-stm32.13.3.rel1.win32_1.0.0.202411081344/tools/bin/../lib/gcc/arm-none-eabi/13.3.1/../../../../arm-none-eabi/lib/thumb/v7e-m+fp/hard\libc_nano.a(libc_a-readr.o)
                0x0800a8ec                _read_r
 .text._write_r
                0x0800a910       0x24 D:/Applications/STM32CubeIDE_1.18.1/STM32CubeIDE/plugins/com.st.stm32cube.ide.mcu.externaltools.gnu-tools-for-stm32.13.3.rel1.win32_1.0.0.202411081344/tools/bin/../lib/gcc/arm-none-eabi/13.3.1/../../../../arm-none-eabi/lib/thumb/v7e-m+fp/hard\libc_nano.a(libc_a-writer.o)
                0x0800a910                _write_r
 .text.__errno  0x0800a934        0xc D:/Applications/STM32CubeIDE_1.18.1/STM32CubeIDE/plugins/com.st.stm32cube.ide.mcu.externaltools.gnu-tools-for-stm32.13.3.rel1.win32_1.0.0.202411081344/tools/bin/../lib/gcc/arm-none-eabi/13.3.1/../../../../arm-none-eabi/lib/thumb/v7e-m+fp/hard\libc_nano.a(libc_a-errno.o)
                0x0800a934                __errno
 .text.__libc_init_array
                0x0800a940       0x48 D:/Applications/STM32CubeIDE_1.18.1/STM32CubeIDE/plugins/com.st.stm32cube.ide.mcu.externaltools.gnu-tools-for-stm32.13.3.rel1.win32_1.0.0.202411081344/tools/bin/../lib/gcc/arm-none-eabi/13.3.1/../../../../arm-none-eabi/lib/thumb/v7e-m+fp/hard\libc_nano.a(libc_a-init.o)
                0x0800a940                __libc_init_array
 .text.__retarget_lock_init_recursive
                0x0800a988        0x2 D:/Applications/STM32CubeIDE_1.18.1/STM32CubeIDE/plugins/com.st.stm32cube.ide.mcu.externaltools.gnu-tools-for-stm32.13.3.rel1.win32_1.0.0.202411081344/tools/bin/../lib/gcc/arm-none-eabi/13.3.1/../../../../arm-none-eabi/lib/thumb/v7e-m+fp/hard\libc_nano.a(libc_a-lock.o)
                0x0800a988                __retarget_lock_init_recursive
 .text.__retarget_lock_acquire_recursive
                0x0800a98a        0x2 D:/Applications/STM32CubeIDE_1.18.1/STM32CubeIDE/plugins/com.st.stm32cube.ide.mcu.externaltools.gnu-tools-for-stm32.13.3.rel1.win32_1.0.0.202411081344/tools/bin/../lib/gcc/arm-none-eabi/13.3.1/../../../../arm-none-eabi/lib/thumb/v7e-m+fp/hard\libc_nano.a(libc_a-lock.o)
                0x0800a98a                __retarget_lock_acquire_recursive
 .text.__retarget_lock_release_recursive
                0x0800a98c        0x2 D:/Applications/STM32CubeIDE_1.18.1/STM32CubeIDE/plugins/com.st.stm32cube.ide.mcu.externaltools.gnu-tools-for-stm32.13.3.rel1.win32_1.0.0.202411081344/tools/bin/../lib/gcc/arm-none-eabi/13.3.1/../../../../arm-none-eabi/lib/thumb/v7e-m+fp/hard\libc_nano.a(libc_a-lock.o)
                0x0800a98c                __retarget_lock_release_recursive
 .text.memcpy   0x0800a98e       0x1c D:/Applications/STM32CubeIDE_1.18.1/STM32CubeIDE/plugins/com.st.stm32cube.ide.mcu.externaltools.gnu-tools-for-stm32.13.3.rel1.win32_1.0.0.202411081344/tools/bin/../lib/gcc/arm-none-eabi/13.3.1/../../../../arm-none-eabi/lib/thumb/v7e-m+fp/hard\libc_nano.a(libc_a-memcpy-stub.o)
                0x0800a98e                memcpy
 *fill*         0x0800a9aa        0x2 
 .text.nanf     0x0800a9ac        0xc D:/Applications/STM32CubeIDE_1.18.1/STM32CubeIDE/plugins/com.st.stm32cube.ide.mcu.externaltools.gnu-tools-for-stm32.13.3.rel1.win32_1.0.0.202411081344/tools/bin/../lib/gcc/arm-none-eabi/13.3.1/../../../../arm-none-eabi/lib/thumb/v7e-m+fp/hard\libc_nano.a(libm_a-sf_nan.o)
                0x0800a9ac                nanf
 .text.quorem   0x0800a9b8      0x110 D:/Applications/STM32CubeIDE_1.18.1/STM32CubeIDE/plugins/com.st.stm32cube.ide.mcu.externaltools.gnu-tools-for-stm32.13.3.rel1.win32_1.0.0.202411081344/tools/bin/../lib/gcc/arm-none-eabi/13.3.1/../../../../arm-none-eabi/lib/thumb/v7e-m+fp/hard\libc_nano.a(libc_a-dtoa.o)
 .text._dtoa_r  0x0800aac8      0xba0 D:/Applications/STM32CubeIDE_1.18.1/STM32CubeIDE/plugins/com.st.stm32cube.ide.mcu.externaltools.gnu-tools-for-stm32.13.3.rel1.win32_1.0.0.202411081344/tools/bin/../lib/gcc/arm-none-eabi/13.3.1/../../../../arm-none-eabi/lib/thumb/v7e-m+fp/hard\libc_nano.a(libc_a-dtoa.o)
                0x0800aac8                _dtoa_r
 .text._free_r  0x0800b668       0x94 D:/Applications/STM32CubeIDE_1.18.1/STM32CubeIDE/plugins/com.st.stm32cube.ide.mcu.externaltools.gnu-tools-for-stm32.13.3.rel1.win32_1.0.0.202411081344/tools/bin/../lib/gcc/arm-none-eabi/13.3.1/../../../../arm-none-eabi/lib/thumb/v7e-m+fp/hard\libc_nano.a(libc_a-freer.o)
                0x0800b668                _free_r
 .text.malloc   0x0800b6fc       0x10 D:/Applications/STM32CubeIDE_1.18.1/STM32CubeIDE/plugins/com.st.stm32cube.ide.mcu.externaltools.gnu-tools-for-stm32.13.3.rel1.win32_1.0.0.202411081344/tools/bin/../lib/gcc/arm-none-eabi/13.3.1/../../../../arm-none-eabi/lib/thumb/v7e-m+fp/hard\libc_nano.a(libc_a-malloc.o)
                0x0800b6fc                malloc
 .text.sbrk_aligned
                0x0800b70c       0x44 D:/Applications/STM32CubeIDE_1.18.1/STM32CubeIDE/plugins/com.st.stm32cube.ide.mcu.externaltools.gnu-tools-for-stm32.13.3.rel1.win32_1.0.0.202411081344/tools/bin/../lib/gcc/arm-none-eabi/13.3.1/../../../../arm-none-eabi/lib/thumb/v7e-m+fp/hard\libc_nano.a(libc_a-mallocr.o)
 .text._malloc_r
                0x0800b750      0x100 D:/Applications/STM32CubeIDE_1.18.1/STM32CubeIDE/plugins/com.st.stm32cube.ide.mcu.externaltools.gnu-tools-for-stm32.13.3.rel1.win32_1.0.0.202411081344/tools/bin/../lib/gcc/arm-none-eabi/13.3.1/../../../../arm-none-eabi/lib/thumb/v7e-m+fp/hard\libc_nano.a(libc_a-mallocr.o)
                0x0800b750                _malloc_r
 .text.__malloc_lock
                0x0800b850        0xc D:/Applications/STM32CubeIDE_1.18.1/STM32CubeIDE/plugins/com.st.stm32cube.ide.mcu.externaltools.gnu-tools-for-stm32.13.3.rel1.win32_1.0.0.202411081344/tools/bin/../lib/gcc/arm-none-eabi/13.3.1/../../../../arm-none-eabi/lib/thumb/v7e-m+fp/hard\libc_nano.a(libc_a-mlock.o)
                0x0800b850                __malloc_lock
 .text.__malloc_unlock
                0x0800b85c        0xc D:/Applications/STM32CubeIDE_1.18.1/STM32CubeIDE/plugins/com.st.stm32cube.ide.mcu.externaltools.gnu-tools-for-stm32.13.3.rel1.win32_1.0.0.202411081344/tools/bin/../lib/gcc/arm-none-eabi/13.3.1/../../../../arm-none-eabi/lib/thumb/v7e-m+fp/hard\libc_nano.a(libc_a-mlock.o)
                0x0800b85c                __malloc_unlock
 .text._Balloc  0x0800b868       0x80 D:/Applications/STM32CubeIDE_1.18.1/STM32CubeIDE/plugins/com.st.stm32cube.ide.mcu.externaltools.gnu-tools-for-stm32.13.3.rel1.win32_1.0.0.202411081344/tools/bin/../lib/gcc/arm-none-eabi/13.3.1/../../../../arm-none-eabi/lib/thumb/v7e-m+fp/hard\libc_nano.a(libc_a-mprec.o)
                0x0800b868                _Balloc
 .text._Bfree   0x0800b8e8       0x44 D:/Applications/STM32CubeIDE_1.18.1/STM32CubeIDE/plugins/com.st.stm32cube.ide.mcu.externaltools.gnu-tools-for-stm32.13.3.rel1.win32_1.0.0.202411081344/tools/bin/../lib/gcc/arm-none-eabi/13.3.1/../../../../arm-none-eabi/lib/thumb/v7e-m+fp/hard\libc_nano.a(libc_a-mprec.o)
                0x0800b8e8                _Bfree
 .text.__multadd
                0x0800b92c       0x8c D:/Applications/STM32CubeIDE_1.18.1/STM32CubeIDE/plugins/com.st.stm32cube.ide.mcu.externaltools.gnu-tools-for-stm32.13.3.rel1.win32_1.0.0.202411081344/tools/bin/../lib/gcc/arm-none-eabi/13.3.1/../../../../arm-none-eabi/lib/thumb/v7e-m+fp/hard\libc_nano.a(libc_a-mprec.o)
                0x0800b92c                __multadd
 .text.__s2b    0x0800b9b8       0x94 D:/Applications/STM32CubeIDE_1.18.1/STM32CubeIDE/plugins/com.st.stm32cube.ide.mcu.externaltools.gnu-tools-for-stm32.13.3.rel1.win32_1.0.0.202411081344/tools/bin/../lib/gcc/arm-none-eabi/13.3.1/../../../../arm-none-eabi/lib/thumb/v7e-m+fp/hard\libc_nano.a(libc_a-mprec.o)
                0x0800b9b8                __s2b
 .text.__hi0bits
                0x0800ba4c       0x3e D:/Applications/STM32CubeIDE_1.18.1/STM32CubeIDE/plugins/com.st.stm32cube.ide.mcu.externaltools.gnu-tools-for-stm32.13.3.rel1.win32_1.0.0.202411081344/tools/bin/../lib/gcc/arm-none-eabi/13.3.1/../../../../arm-none-eabi/lib/thumb/v7e-m+fp/hard\libc_nano.a(libc_a-mprec.o)
                0x0800ba4c                __hi0bits
 .text.__lo0bits
                0x0800ba8a       0x5a D:/Applications/STM32CubeIDE_1.18.1/STM32CubeIDE/plugins/com.st.stm32cube.ide.mcu.externaltools.gnu-tools-for-stm32.13.3.rel1.win32_1.0.0.202411081344/tools/bin/../lib/gcc/arm-none-eabi/13.3.1/../../../../arm-none-eabi/lib/thumb/v7e-m+fp/hard\libc_nano.a(libc_a-mprec.o)
                0x0800ba8a                __lo0bits
 .text.__i2b    0x0800bae4       0x2c D:/Applications/STM32CubeIDE_1.18.1/STM32CubeIDE/plugins/com.st.stm32cube.ide.mcu.externaltools.gnu-tools-for-stm32.13.3.rel1.win32_1.0.0.202411081344/tools/bin/../lib/gcc/arm-none-eabi/13.3.1/../../../../arm-none-eabi/lib/thumb/v7e-m+fp/hard\libc_nano.a(libc_a-mprec.o)
                0x0800bae4                __i2b
 .text.__multiply
                0x0800bb10      0x144 D:/Applications/STM32CubeIDE_1.18.1/STM32CubeIDE/plugins/com.st.stm32cube.ide.mcu.externaltools.gnu-tools-for-stm32.13.3.rel1.win32_1.0.0.202411081344/tools/bin/../lib/gcc/arm-none-eabi/13.3.1/../../../../arm-none-eabi/lib/thumb/v7e-m+fp/hard\libc_nano.a(libc_a-mprec.o)
                0x0800bb10                __multiply
 .text.__pow5mult
                0x0800bc54       0xb4 D:/Applications/STM32CubeIDE_1.18.1/STM32CubeIDE/plugins/com.st.stm32cube.ide.mcu.externaltools.gnu-tools-for-stm32.13.3.rel1.win32_1.0.0.202411081344/tools/bin/../lib/gcc/arm-none-eabi/13.3.1/../../../../arm-none-eabi/lib/thumb/v7e-m+fp/hard\libc_nano.a(libc_a-mprec.o)
                0x0800bc54                __pow5mult
 .text.__lshift
                0x0800bd08       0xd8 D:/Applications/STM32CubeIDE_1.18.1/STM32CubeIDE/plugins/com.st.stm32cube.ide.mcu.externaltools.gnu-tools-for-stm32.13.3.rel1.win32_1.0.0.202411081344/tools/bin/../lib/gcc/arm-none-eabi/13.3.1/../../../../arm-none-eabi/lib/thumb/v7e-m+fp/hard\libc_nano.a(libc_a-mprec.o)
                0x0800bd08                __lshift
 .text.__mcmp   0x0800bde0       0x36 D:/Applications/STM32CubeIDE_1.18.1/STM32CubeIDE/plugins/com.st.stm32cube.ide.mcu.externaltools.gnu-tools-for-stm32.13.3.rel1.win32_1.0.0.202411081344/tools/bin/../lib/gcc/arm-none-eabi/13.3.1/../../../../arm-none-eabi/lib/thumb/v7e-m+fp/hard\libc_nano.a(libc_a-mprec.o)
                0x0800bde0                __mcmp
 *fill*         0x0800be16        0x2 
 .text.__mdiff  0x0800be18      0x128 D:/Applications/STM32CubeIDE_1.18.1/STM32CubeIDE/plugins/com.st.stm32cube.ide.mcu.externaltools.gnu-tools-for-stm32.13.3.rel1.win32_1.0.0.202411081344/tools/bin/../lib/gcc/arm-none-eabi/13.3.1/../../../../arm-none-eabi/lib/thumb/v7e-m+fp/hard\libc_nano.a(libc_a-mprec.o)
                0x0800be18                __mdiff
 .text.__ulp    0x0800bf40       0x4c D:/Applications/STM32CubeIDE_1.18.1/STM32CubeIDE/plugins/com.st.stm32cube.ide.mcu.externaltools.gnu-tools-for-stm32.13.3.rel1.win32_1.0.0.202411081344/tools/bin/../lib/gcc/arm-none-eabi/13.3.1/../../../../arm-none-eabi/lib/thumb/v7e-m+fp/hard\libc_nano.a(libc_a-mprec.o)
                0x0800bf40                __ulp
 .text.__b2d    0x0800bf8c       0x94 D:/Applications/STM32CubeIDE_1.18.1/STM32CubeIDE/plugins/com.st.stm32cube.ide.mcu.externaltools.gnu-tools-for-stm32.13.3.rel1.win32_1.0.0.202411081344/tools/bin/../lib/gcc/arm-none-eabi/13.3.1/../../../../arm-none-eabi/lib/thumb/v7e-m+fp/hard\libc_nano.a(libc_a-mprec.o)
                0x0800bf8c                __b2d
 .text.__d2b    0x0800c020       0xb0 D:/Applications/STM32CubeIDE_1.18.1/STM32CubeIDE/plugins/com.st.stm32cube.ide.mcu.externaltools.gnu-tools-for-stm32.13.3.rel1.win32_1.0.0.202411081344/tools/bin/../lib/gcc/arm-none-eabi/13.3.1/../../../../arm-none-eabi/lib/thumb/v7e-m+fp/hard\libc_nano.a(libc_a-mprec.o)
                0x0800c020                __d2b
 .text.__ratio  0x0800c0d0       0x64 D:/Applications/STM32CubeIDE_1.18.1/STM32CubeIDE/plugins/com.st.stm32cube.ide.mcu.externaltools.gnu-tools-for-stm32.13.3.rel1.win32_1.0.0.202411081344/tools/bin/../lib/gcc/arm-none-eabi/13.3.1/../../../../arm-none-eabi/lib/thumb/v7e-m+fp/hard\libc_nano.a(libc_a-mprec.o)
                0x0800c0d0                __ratio
 .text.__copybits
                0x0800c134       0x46 D:/Applications/STM32CubeIDE_1.18.1/STM32CubeIDE/plugins/com.st.stm32cube.ide.mcu.externaltools.gnu-tools-for-stm32.13.3.rel1.win32_1.0.0.202411081344/tools/bin/../lib/gcc/arm-none-eabi/13.3.1/../../../../arm-none-eabi/lib/thumb/v7e-m+fp/hard\libc_nano.a(libc_a-mprec.o)
                0x0800c134                __copybits
 .text.__any_on
                0x0800c17a       0x42 D:/Applications/STM32CubeIDE_1.18.1/STM32CubeIDE/plugins/com.st.stm32cube.ide.mcu.externaltools.gnu-tools-for-stm32.13.3.rel1.win32_1.0.0.202411081344/tools/bin/../lib/gcc/arm-none-eabi/13.3.1/../../../../arm-none-eabi/lib/thumb/v7e-m+fp/hard\libc_nano.a(libc_a-mprec.o)
                0x0800c17a                __any_on
 .text.sulp     0x0800c1bc       0x3c D:/Applications/STM32CubeIDE_1.18.1/STM32CubeIDE/plugins/com.st.stm32cube.ide.mcu.externaltools.gnu-tools-for-stm32.13.3.rel1.win32_1.0.0.202411081344/tools/bin/../lib/gcc/arm-none-eabi/13.3.1/../../../../arm-none-eabi/lib/thumb/v7e-m+fp/hard\libc_nano.a(libc_a-strtod.o)
 .text._strtod_l
                0x0800c1f8      0xbc8 D:/Applications/STM32CubeIDE_1.18.1/STM32CubeIDE/plugins/com.st.stm32cube.ide.mcu.externaltools.gnu-tools-for-stm32.13.3.rel1.win32_1.0.0.202411081344/tools/bin/../lib/gcc/arm-none-eabi/13.3.1/../../../../arm-none-eabi/lib/thumb/v7e-m+fp/hard\libc_nano.a(libc_a-strtod.o)
                0x0800c1f8                _strtod_l
 .text._strtod_r
                0x0800cdc0        0xc D:/Applications/STM32CubeIDE_1.18.1/STM32CubeIDE/plugins/com.st.stm32cube.ide.mcu.externaltools.gnu-tools-for-stm32.13.3.rel1.win32_1.0.0.202411081344/tools/bin/../lib/gcc/arm-none-eabi/13.3.1/../../../../arm-none-eabi/lib/thumb/v7e-m+fp/hard\libc_nano.a(libc_a-strtod.o)
                0x0800cdc0                _strtod_r
 .text._strtol_l.isra.0
                0x0800cdcc       0xf4 D:/Applications/STM32CubeIDE_1.18.1/STM32CubeIDE/plugins/com.st.stm32cube.ide.mcu.externaltools.gnu-tools-for-stm32.13.3.rel1.win32_1.0.0.202411081344/tools/bin/../lib/gcc/arm-none-eabi/13.3.1/../../../../arm-none-eabi/lib/thumb/v7e-m+fp/hard\libc_nano.a(libc_a-strtol.o)
 .text._strtol_r
                0x0800cec0        0x4 D:/Applications/STM32CubeIDE_1.18.1/STM32CubeIDE/plugins/com.st.stm32cube.ide.mcu.externaltools.gnu-tools-for-stm32.13.3.rel1.win32_1.0.0.202411081344/tools/bin/../lib/gcc/arm-none-eabi/13.3.1/../../../../arm-none-eabi/lib/thumb/v7e-m+fp/hard\libc_nano.a(libc_a-strtol.o)
                0x0800cec0                _strtol_r
 .text.__ssputs_r
                0x0800cec4       0xb6 D:/Applications/STM32CubeIDE_1.18.1/STM32CubeIDE/plugins/com.st.stm32cube.ide.mcu.externaltools.gnu-tools-for-stm32.13.3.rel1.win32_1.0.0.202411081344/tools/bin/../lib/gcc/arm-none-eabi/13.3.1/../../../../arm-none-eabi/lib/thumb/v7e-m+fp/hard\libc_nano.a(libc_a-nano-svfprintf.o)
                0x0800cec4                __ssputs_r
 *fill*         0x0800cf7a        0x2 
 .text._svfprintf_r
                0x0800cf7c      0x1f8 D:/Applications/STM32CubeIDE_1.18.1/STM32CubeIDE/plugins/com.st.stm32cube.ide.mcu.externaltools.gnu-tools-for-stm32.13.3.rel1.win32_1.0.0.202411081344/tools/bin/../lib/gcc/arm-none-eabi/13.3.1/../../../../arm-none-eabi/lib/thumb/v7e-m+fp/hard\libc_nano.a(libc_a-nano-svfprintf.o)
                0x0800cf7c                _svfiprintf_r
                0x0800cf7c                _svfprintf_r
 .text.__sflush_r
                0x0800d174      0x108 D:/Applications/STM32CubeIDE_1.18.1/STM32CubeIDE/plugins/com.st.stm32cube.ide.mcu.externaltools.gnu-tools-for-stm32.13.3.rel1.win32_1.0.0.202411081344/tools/bin/../lib/gcc/arm-none-eabi/13.3.1/../../../../arm-none-eabi/lib/thumb/v7e-m+fp/hard\libc_nano.a(libc_a-fflush.o)
                0x0800d174                __sflush_r
 .text._fflush_r
                0x0800d27c       0x50 D:/Applications/STM32CubeIDE_1.18.1/STM32CubeIDE/plugins/com.st.stm32cube.ide.mcu.externaltools.gnu-tools-for-stm32.13.3.rel1.win32_1.0.0.202411081344/tools/bin/../lib/gcc/arm-none-eabi/13.3.1/../../../../arm-none-eabi/lib/thumb/v7e-m+fp/hard\libc_nano.a(libc_a-fflush.o)
                0x0800d27c                _fflush_r
 .text.memmove  0x0800d2cc       0x34 D:/Applications/STM32CubeIDE_1.18.1/STM32CubeIDE/plugins/com.st.stm32cube.ide.mcu.externaltools.gnu-tools-for-stm32.13.3.rel1.win32_1.0.0.202411081344/tools/bin/../lib/gcc/arm-none-eabi/13.3.1/../../../../arm-none-eabi/lib/thumb/v7e-m+fp/hard\libc_nano.a(libc_a-memmove.o)
                0x0800d2cc                memmove
 .text.strncmp  0x0800d300       0x24 D:/Applications/STM32CubeIDE_1.18.1/STM32CubeIDE/plugins/com.st.stm32cube.ide.mcu.externaltools.gnu-tools-for-stm32.13.3.rel1.win32_1.0.0.202411081344/tools/bin/../lib/gcc/arm-none-eabi/13.3.1/../../../../arm-none-eabi/lib/thumb/v7e-m+fp/hard\libc_nano.a(libc_a-strncmp.o)
                0x0800d300                strncmp
 .text._sbrk_r  0x0800d324       0x20 D:/Applications/STM32CubeIDE_1.18.1/STM32CubeIDE/plugins/com.st.stm32cube.ide.mcu.externaltools.gnu-tools-for-stm32.13.3.rel1.win32_1.0.0.202411081344/tools/bin/../lib/gcc/arm-none-eabi/13.3.1/../../../../arm-none-eabi/lib/thumb/v7e-m+fp/hard\libc_nano.a(libc_a-sbrkr.o)
                0x0800d324                _sbrk_r
 *fill*         0x0800d344        0x4 
 .text.nan      0x0800d348       0x10 D:/Applications/STM32CubeIDE_1.18.1/STM32CubeIDE/plugins/com.st.stm32cube.ide.mcu.externaltools.gnu-tools-for-stm32.13.3.rel1.win32_1.0.0.202411081344/tools/bin/../lib/gcc/arm-none-eabi/13.3.1/../../../../arm-none-eabi/lib/thumb/v7e-m+fp/hard\libc_nano.a(libm_a-s_nan.o)
                0x0800d348                nan
 .text.__assert_func
                0x0800d358       0x3c D:/Applications/STM32CubeIDE_1.18.1/STM32CubeIDE/plugins/com.st.stm32cube.ide.mcu.externaltools.gnu-tools-for-stm32.13.3.rel1.win32_1.0.0.202411081344/tools/bin/../lib/gcc/arm-none-eabi/13.3.1/../../../../arm-none-eabi/lib/thumb/v7e-m+fp/hard\libc_nano.a(libc_a-assert.o)
                0x0800d358                __assert_func
 .text._calloc_r
                0x0800d394       0x28 D:/Applications/STM32CubeIDE_1.18.1/STM32CubeIDE/plugins/com.st.stm32cube.ide.mcu.externaltools.gnu-tools-for-stm32.13.3.rel1.win32_1.0.0.202411081344/tools/bin/../lib/gcc/arm-none-eabi/13.3.1/../../../../arm-none-eabi/lib/thumb/v7e-m+fp/hard\libc_nano.a(libc_a-callocr.o)
                0x0800d394                _calloc_r
 .text.rshift   0x0800d3bc       0xa4 D:/Applications/STM32CubeIDE_1.18.1/STM32CubeIDE/plugins/com.st.stm32cube.ide.mcu.externaltools.gnu-tools-for-stm32.13.3.rel1.win32_1.0.0.202411081344/tools/bin/../lib/gcc/arm-none-eabi/13.3.1/../../../../arm-none-eabi/lib/thumb/v7e-m+fp/hard\libc_nano.a(libc_a-gdtoa-gethex.o)
 .text.__hexdig_fun
                0x0800d460       0x2a D:/Applications/STM32CubeIDE_1.18.1/STM32CubeIDE/plugins/com.st.stm32cube.ide.mcu.externaltools.gnu-tools-for-stm32.13.3.rel1.win32_1.0.0.202411081344/tools/bin/../lib/gcc/arm-none-eabi/13.3.1/../../../../arm-none-eabi/lib/thumb/v7e-m+fp/hard\libc_nano.a(libc_a-gdtoa-gethex.o)
                0x0800d460                __hexdig_fun
 *fill*         0x0800d48a        0x2 
 .text.__gethex
                0x0800d48c      0x420 D:/Applications/STM32CubeIDE_1.18.1/STM32CubeIDE/plugins/com.st.stm32cube.ide.mcu.externaltools.gnu-tools-for-stm32.13.3.rel1.win32_1.0.0.202411081344/tools/bin/../lib/gcc/arm-none-eabi/13.3.1/../../../../arm-none-eabi/lib/thumb/v7e-m+fp/hard\libc_nano.a(libc_a-gdtoa-gethex.o)
                0x0800d48c                __gethex
 .text.L_shift  0x0800d8ac       0x24 D:/Applications/STM32CubeIDE_1.18.1/STM32CubeIDE/plugins/com.st.stm32cube.ide.mcu.externaltools.gnu-tools-for-stm32.13.3.rel1.win32_1.0.0.202411081344/tools/bin/../lib/gcc/arm-none-eabi/13.3.1/../../../../arm-none-eabi/lib/thumb/v7e-m+fp/hard\libc_nano.a(libc_a-gdtoa-hexnan.o)
 .text.__match  0x0800d8d0       0x28 D:/Applications/STM32CubeIDE_1.18.1/STM32CubeIDE/plugins/com.st.stm32cube.ide.mcu.externaltools.gnu-tools-for-stm32.13.3.rel1.win32_1.0.0.202411081344/tools/bin/../lib/gcc/arm-none-eabi/13.3.1/../../../../arm-none-eabi/lib/thumb/v7e-m+fp/hard\libc_nano.a(libc_a-gdtoa-hexnan.o)
                0x0800d8d0                __match
 .text.__hexnan
                0x0800d8f8      0x136 D:/Applications/STM32CubeIDE_1.18.1/STM32CubeIDE/plugins/com.st.stm32cube.ide.mcu.externaltools.gnu-tools-for-stm32.13.3.rel1.win32_1.0.0.202411081344/tools/bin/../lib/gcc/arm-none-eabi/13.3.1/../../../../arm-none-eabi/lib/thumb/v7e-m+fp/hard\libc_nano.a(libc_a-gdtoa-hexnan.o)
                0x0800d8f8                __hexnan
 .text.__ascii_mbtowc
                0x0800da2e       0x24 D:/Applications/STM32CubeIDE_1.18.1/STM32CubeIDE/plugins/com.st.stm32cube.ide.mcu.externaltools.gnu-tools-for-stm32.13.3.rel1.win32_1.0.0.202411081344/tools/bin/../lib/gcc/arm-none-eabi/13.3.1/../../../../arm-none-eabi/lib/thumb/v7e-m+fp/hard\libc_nano.a(libc_a-mbtowc_r.o)
                0x0800da2e                __ascii_mbtowc
 .text._realloc_r
                0x0800da52       0x5c D:/Applications/STM32CubeIDE_1.18.1/STM32CubeIDE/plugins/com.st.stm32cube.ide.mcu.externaltools.gnu-tools-for-stm32.13.3.rel1.win32_1.0.0.202411081344/tools/bin/../lib/gcc/arm-none-eabi/13.3.1/../../../../arm-none-eabi/lib/thumb/v7e-m+fp/hard\libc_nano.a(libc_a-reallocr.o)
                0x0800da52                _realloc_r
 .text.__ascii_wctomb
                0x0800daae       0x1a D:/Applications/STM32CubeIDE_1.18.1/STM32CubeIDE/plugins/com.st.stm32cube.ide.mcu.externaltools.gnu-tools-for-stm32.13.3.rel1.win32_1.0.0.202411081344/tools/bin/../lib/gcc/arm-none-eabi/13.3.1/../../../../arm-none-eabi/lib/thumb/v7e-m+fp/hard\libc_nano.a(libc_a-wctomb_r.o)
                0x0800daae                __ascii_wctomb
 .text.fprintf  0x0800dac8       0x24 D:/Applications/STM32CubeIDE_1.18.1/STM32CubeIDE/plugins/com.st.stm32cube.ide.mcu.externaltools.gnu-tools-for-stm32.13.3.rel1.win32_1.0.0.202411081344/tools/bin/../lib/gcc/arm-none-eabi/13.3.1/../../../../arm-none-eabi/lib/thumb/v7e-m+fp/hard\libc_nano.a(libc_a-fprintf.o)
                0x0800dac8                fiprintf
                0x0800dac8                fprintf
 .text.abort    0x0800daec        0xe D:/Applications/STM32CubeIDE_1.18.1/STM32CubeIDE/plugins/com.st.stm32cube.ide.mcu.externaltools.gnu-tools-for-stm32.13.3.rel1.win32_1.0.0.202411081344/tools/bin/../lib/gcc/arm-none-eabi/13.3.1/../../../../arm-none-eabi/lib/thumb/v7e-m+fp/hard\libc_nano.a(libc_a-abort.o)
                0x0800daec                abort
 .text._malloc_usable_size_r
                0x0800dafa       0x10 D:/Applications/STM32CubeIDE_1.18.1/STM32CubeIDE/plugins/com.st.stm32cube.ide.mcu.externaltools.gnu-tools-for-stm32.13.3.rel1.win32_1.0.0.202411081344/tools/bin/../lib/gcc/arm-none-eabi/13.3.1/../../../../arm-none-eabi/lib/thumb/v7e-m+fp/hard\libc_nano.a(libc_a-msizer.o)
                0x0800dafa                _malloc_usable_size_r
 .text.__sfputc_r
                0x0800db0a       0x2e D:/Applications/STM32CubeIDE_1.18.1/STM32CubeIDE/plugins/com.st.stm32cube.ide.mcu.externaltools.gnu-tools-for-stm32.13.3.rel1.win32_1.0.0.202411081344/tools/bin/../lib/gcc/arm-none-eabi/13.3.1/../../../../arm-none-eabi/lib/thumb/v7e-m+fp/hard\libc_nano.a(libc_a-nano-vfprintf.o)
 .text.__sfputs_r
                0x0800db38       0x24 D:/Applications/STM32CubeIDE_1.18.1/STM32CubeIDE/plugins/com.st.stm32cube.ide.mcu.externaltools.gnu-tools-for-stm32.13.3.rel1.win32_1.0.0.202411081344/tools/bin/../lib/gcc/arm-none-eabi/13.3.1/../../../../arm-none-eabi/lib/thumb/v7e-m+fp/hard\libc_nano.a(libc_a-nano-vfprintf.o)
                0x0800db38                __sfputs_r
 .text._vfprintf_r
                0x0800db5c      0x230 D:/Applications/STM32CubeIDE_1.18.1/STM32CubeIDE/plugins/com.st.stm32cube.ide.mcu.externaltools.gnu-tools-for-stm32.13.3.rel1.win32_1.0.0.202411081344/tools/bin/../lib/gcc/arm-none-eabi/13.3.1/../../../../arm-none-eabi/lib/thumb/v7e-m+fp/hard\libc_nano.a(libc_a-nano-vfprintf.o)
                0x0800db5c                _vfprintf_r
                0x0800db5c                _vfiprintf_r
 .text.__swbuf_r
                0x0800dd8c       0x7c D:/Applications/STM32CubeIDE_1.18.1/STM32CubeIDE/plugins/com.st.stm32cube.ide.mcu.externaltools.gnu-tools-for-stm32.13.3.rel1.win32_1.0.0.202411081344/tools/bin/../lib/gcc/arm-none-eabi/13.3.1/../../../../arm-none-eabi/lib/thumb/v7e-m+fp/hard\libc_nano.a(libc_a-wbuf.o)
                0x0800dd8c                __swbuf_r
 .text.__swsetup_r
                0x0800de08       0xac D:/Applications/STM32CubeIDE_1.18.1/STM32CubeIDE/plugins/com.st.stm32cube.ide.mcu.externaltools.gnu-tools-for-stm32.13.3.rel1.win32_1.0.0.202411081344/tools/bin/../lib/gcc/arm-none-eabi/13.3.1/../../../../arm-none-eabi/lib/thumb/v7e-m+fp/hard\libc_nano.a(libc_a-wsetup.o)
                0x0800de08                __swsetup_r
 .text._raise_r
                0x0800deb4       0x50 D:/Applications/STM32CubeIDE_1.18.1/STM32CubeIDE/plugins/com.st.stm32cube.ide.mcu.externaltools.gnu-tools-for-stm32.13.3.rel1.win32_1.0.0.202411081344/tools/bin/../lib/gcc/arm-none-eabi/13.3.1/../../../../arm-none-eabi/lib/thumb/v7e-m+fp/hard\libc_nano.a(libc_a-signal.o)
                0x0800deb4                _raise_r
 .text.raise    0x0800df04       0x10 D:/Applications/STM32CubeIDE_1.18.1/STM32CubeIDE/plugins/com.st.stm32cube.ide.mcu.externaltools.gnu-tools-for-stm32.13.3.rel1.win32_1.0.0.202411081344/tools/bin/../lib/gcc/arm-none-eabi/13.3.1/../../../../arm-none-eabi/lib/thumb/v7e-m+fp/hard\libc_nano.a(libc_a-signal.o)
                0x0800df04                raise
 .text._kill_r  0x0800df14       0x24 D:/Applications/STM32CubeIDE_1.18.1/STM32CubeIDE/plugins/com.st.stm32cube.ide.mcu.externaltools.gnu-tools-for-stm32.13.3.rel1.win32_1.0.0.202411081344/tools/bin/../lib/gcc/arm-none-eabi/13.3.1/../../../../arm-none-eabi/lib/thumb/v7e-m+fp/hard\libc_nano.a(libc_a-signalr.o)
                0x0800df14                _kill_r
 .text._getpid_r
                0x0800df38        0x4 D:/Applications/STM32CubeIDE_1.18.1/STM32CubeIDE/plugins/com.st.stm32cube.ide.mcu.externaltools.gnu-tools-for-stm32.13.3.rel1.win32_1.0.0.202411081344/tools/bin/../lib/gcc/arm-none-eabi/13.3.1/../../../../arm-none-eabi/lib/thumb/v7e-m+fp/hard\libc_nano.a(libc_a-signalr.o)
                0x0800df38                _getpid_r
 .text.__swhatbuf_r
                0x0800df3c       0x4c D:/Applications/STM32CubeIDE_1.18.1/STM32CubeIDE/plugins/com.st.stm32cube.ide.mcu.externaltools.gnu-tools-for-stm32.13.3.rel1.win32_1.0.0.202411081344/tools/bin/../lib/gcc/arm-none-eabi/13.3.1/../../../../arm-none-eabi/lib/thumb/v7e-m+fp/hard\libc_nano.a(libc_a-makebuf.o)
                0x0800df3c                __swhatbuf_r
 .text.__smakebuf_r
                0x0800df88       0x78 D:/Applications/STM32CubeIDE_1.18.1/STM32CubeIDE/plugins/com.st.stm32cube.ide.mcu.externaltools.gnu-tools-for-stm32.13.3.rel1.win32_1.0.0.202411081344/tools/bin/../lib/gcc/arm-none-eabi/13.3.1/../../../../arm-none-eabi/lib/thumb/v7e-m+fp/hard\libc_nano.a(libc_a-makebuf.o)
                0x0800df88                __smakebuf_r
 .text._fstat_r
                0x0800e000       0x24 D:/Applications/STM32CubeIDE_1.18.1/STM32CubeIDE/plugins/com.st.stm32cube.ide.mcu.externaltools.gnu-tools-for-stm32.13.3.rel1.win32_1.0.0.202411081344/tools/bin/../lib/gcc/arm-none-eabi/13.3.1/../../../../arm-none-eabi/lib/thumb/v7e-m+fp/hard\libc_nano.a(libc_a-fstatr.o)
                0x0800e000                _fstat_r
 .text._isatty_r
                0x0800e024       0x20 D:/Applications/STM32CubeIDE_1.18.1/STM32CubeIDE/plugins/com.st.stm32cube.ide.mcu.externaltools.gnu-tools-for-stm32.13.3.rel1.win32_1.0.0.202411081344/tools/bin/../lib/gcc/arm-none-eabi/13.3.1/../../../../arm-none-eabi/lib/thumb/v7e-m+fp/hard\libc_nano.a(libc_a-isattyr.o)
                0x0800e024                _isatty_r
 *(.glue_7)
 .glue_7        0x0800e044        0x0 linker stubs
 *(.glue_7t)
 .glue_7t       0x0800e044        0x0 linker stubs
 *(.eh_frame)
 .eh_frame      0x0800e044        0x0 D:/Applications/STM32CubeIDE_1.18.1/STM32CubeIDE/plugins/com.st.stm32cube.ide.mcu.externaltools.gnu-tools-for-stm32.13.3.rel1.win32_1.0.0.202411081344/tools/bin/../lib/gcc/arm-none-eabi/13.3.1/thumb/v7e-m+fp/hard/crtbegin.o
 *(.init)
 .init          0x0800e044        0x4 D:/Applications/STM32CubeIDE_1.18.1/STM32CubeIDE/plugins/com.st.stm32cube.ide.mcu.externaltools.gnu-tools-for-stm32.13.3.rel1.win32_1.0.0.202411081344/tools/bin/../lib/gcc/arm-none-eabi/13.3.1/thumb/v7e-m+fp/hard/crti.o
                0x0800e044                _init
 .init          0x0800e048        0x8 D:/Applications/STM32CubeIDE_1.18.1/STM32CubeIDE/plugins/com.st.stm32cube.ide.mcu.externaltools.gnu-tools-for-stm32.13.3.rel1.win32_1.0.0.202411081344/tools/bin/../lib/gcc/arm-none-eabi/13.3.1/thumb/v7e-m+fp/hard/crtn.o
 *(.fini)
 .fini          0x0800e050        0x4 D:/Applications/STM32CubeIDE_1.18.1/STM32CubeIDE/plugins/com.st.stm32cube.ide.mcu.externaltools.gnu-tools-for-stm32.13.3.rel1.win32_1.0.0.202411081344/tools/bin/../lib/gcc/arm-none-eabi/13.3.1/thumb/v7e-m+fp/hard/crti.o
                0x0800e050                _fini
 .fini          0x0800e054        0x8 D:/Applications/STM32CubeIDE_1.18.1/STM32CubeIDE/plugins/com.st.stm32cube.ide.mcu.externaltools.gnu-tools-for-stm32.13.3.rel1.win32_1.0.0.202411081344/tools/bin/../lib/gcc/arm-none-eabi/13.3.1/thumb/v7e-m+fp/hard/crtn.o
                0x0800e05c                        . = ALIGN (0x4)
                0x0800e05c                        _etext = .

.vfp11_veneer   0x0800e05c        0x0
 .vfp11_veneer  0x0800e05c        0x0 linker stubs

.v4_bx          0x0800e05c        0x0
 .v4_bx         0x0800e05c        0x0 linker stubs

.iplt           0x0800e05c        0x0
 .iplt          0x0800e05c        0x0 D:/Applications/STM32CubeIDE_1.18.1/STM32CubeIDE/plugins/com.st.stm32cube.ide.mcu.externaltools.gnu-tools-for-stm32.13.3.rel1.win32_1.0.0.202411081344/tools/bin/../lib/gcc/arm-none-eabi/13.3.1/thumb/v7e-m+fp/hard/crtbegin.o

.rodata         0x0800e060      0xef4
                0x0800e060                        . = ALIGN (0x4)
 *(.rodata)
 .rodata        0x0800e060      0x242 ./Core/Src/main.o
 *fill*         0x0800e2a2        0x2 
 .rodata        0x0800e2a4       0x44 ./Middlewares/Third_Party/FatFs/src/ff.o
 *(.rodata*)
 .rodata.Font7x10
                0x0800e2e8      0x76c ./Core/Src/ssd1306_fonts.o
 .rodata.Font_7x10
                0x0800ea54        0xc ./Core/Src/ssd1306_fonts.o
                0x0800ea54                Font_7x10
 .rodata.AHBPrescTable
                0x0800ea60       0x10 ./Core/Src/system_stm32l4xx.o
                0x0800ea60                AHBPrescTable
 .rodata.APBPrescTable
                0x0800ea70        0x8 ./Core/Src/system_stm32l4xx.o
                0x0800ea70                APBPrescTable
 .rodata.MSIRangeTable
                0x0800ea78       0x30 ./Core/Src/system_stm32l4xx.o
                0x0800ea78                MSIRangeTable
 .rodata.ExCvt  0x0800eaa8       0x80 ./Middlewares/Third_Party/FatFs/src/ff.o
 .rodata._printf_float.str1.1
                0x0800eb28      0x1d6 D:/Applications/STM32CubeIDE_1.18.1/STM32CubeIDE/plugins/com.st.stm32cube.ide.mcu.externaltools.gnu-tools-for-stm32.13.3.rel1.win32_1.0.0.202411081344/tools/bin/../lib/gcc/arm-none-eabi/13.3.1/../../../../arm-none-eabi/lib/thumb/v7e-m+fp/hard\libc_nano.a(libc_a-nano-vfprintf_float.o)
                                 0x12 (size before relaxing)
 .rodata._printf_i.str1.1
                0x0800ecfe       0x22 D:/Applications/STM32CubeIDE_1.18.1/STM32CubeIDE/plugins/com.st.stm32cube.ide.mcu.externaltools.gnu-tools-for-stm32.13.3.rel1.win32_1.0.0.202411081344/tools/bin/../lib/gcc/arm-none-eabi/13.3.1/../../../../arm-none-eabi/lib/thumb/v7e-m+fp/hard\libc_nano.a(libc_a-nano-vfprintf_i.o)
 .rodata._scanf_float.str1.1
                0x0800ecfe        0x6 D:/Applications/STM32CubeIDE_1.18.1/STM32CubeIDE/plugins/com.st.stm32cube.ide.mcu.externaltools.gnu-tools-for-stm32.13.3.rel1.win32_1.0.0.202411081344/tools/bin/../lib/gcc/arm-none-eabi/13.3.1/../../../../arm-none-eabi/lib/thumb/v7e-m+fp/hard\libc_nano.a(libc_a-nano-vfscanf_float.o)
 .rodata._dtoa_r.str1.1
                0x0800ecfe       0x8f D:/Applications/STM32CubeIDE_1.18.1/STM32CubeIDE/plugins/com.st.stm32cube.ide.mcu.externaltools.gnu-tools-for-stm32.13.3.rel1.win32_1.0.0.202411081344/tools/bin/../lib/gcc/arm-none-eabi/13.3.1/../../../../arm-none-eabi/lib/thumb/v7e-m+fp/hard\libc_nano.a(libc_a-dtoa.o)
 .rodata._Balloc.str1.1
                0x0800ecfe       0x70 D:/Applications/STM32CubeIDE_1.18.1/STM32CubeIDE/plugins/com.st.stm32cube.ide.mcu.externaltools.gnu-tools-for-stm32.13.3.rel1.win32_1.0.0.202411081344/tools/bin/../lib/gcc/arm-none-eabi/13.3.1/../../../../arm-none-eabi/lib/thumb/v7e-m+fp/hard\libc_nano.a(libc_a-mprec.o)
 .rodata.__multadd.str1.1
                0x0800ecfe       0x11 D:/Applications/STM32CubeIDE_1.18.1/STM32CubeIDE/plugins/com.st.stm32cube.ide.mcu.externaltools.gnu-tools-for-stm32.13.3.rel1.win32_1.0.0.202411081344/tools/bin/../lib/gcc/arm-none-eabi/13.3.1/../../../../arm-none-eabi/lib/thumb/v7e-m+fp/hard\libc_nano.a(libc_a-mprec.o)
 *fill*         0x0800ecfe        0x2 
 .rodata.p05.0  0x0800ed00        0xc D:/Applications/STM32CubeIDE_1.18.1/STM32CubeIDE/plugins/com.st.stm32cube.ide.mcu.externaltools.gnu-tools-for-stm32.13.3.rel1.win32_1.0.0.202411081344/tools/bin/../lib/gcc/arm-none-eabi/13.3.1/../../../../arm-none-eabi/lib/thumb/v7e-m+fp/hard\libc_nano.a(libc_a-mprec.o)
 *fill*         0x0800ed0c        0x4 
 .rodata.__mprec_bigtens
                0x0800ed10       0x28 D:/Applications/STM32CubeIDE_1.18.1/STM32CubeIDE/plugins/com.st.stm32cube.ide.mcu.externaltools.gnu-tools-for-stm32.13.3.rel1.win32_1.0.0.202411081344/tools/bin/../lib/gcc/arm-none-eabi/13.3.1/../../../../arm-none-eabi/lib/thumb/v7e-m+fp/hard\libc_nano.a(libc_a-mprec.o)
                0x0800ed10                __mprec_bigtens
 .rodata.__mprec_tens
                0x0800ed38       0xc8 D:/Applications/STM32CubeIDE_1.18.1/STM32CubeIDE/plugins/com.st.stm32cube.ide.mcu.externaltools.gnu-tools-for-stm32.13.3.rel1.win32_1.0.0.202411081344/tools/bin/../lib/gcc/arm-none-eabi/13.3.1/../../../../arm-none-eabi/lib/thumb/v7e-m+fp/hard\libc_nano.a(libc_a-mprec.o)
                0x0800ed38                __mprec_tens
 .rodata._strtod_l.str1.1
                0x0800ee00        0xf D:/Applications/STM32CubeIDE_1.18.1/STM32CubeIDE/plugins/com.st.stm32cube.ide.mcu.externaltools.gnu-tools-for-stm32.13.3.rel1.win32_1.0.0.202411081344/tools/bin/../lib/gcc/arm-none-eabi/13.3.1/../../../../arm-none-eabi/lib/thumb/v7e-m+fp/hard\libc_nano.a(libc_a-strtod.o)
 .rodata.fpinan.0
                0x0800ee00       0x14 D:/Applications/STM32CubeIDE_1.18.1/STM32CubeIDE/plugins/com.st.stm32cube.ide.mcu.externaltools.gnu-tools-for-stm32.13.3.rel1.win32_1.0.0.202411081344/tools/bin/../lib/gcc/arm-none-eabi/13.3.1/../../../../arm-none-eabi/lib/thumb/v7e-m+fp/hard\libc_nano.a(libc_a-strtod.o)
 .rodata.fpi.1  0x0800ee14       0x14 D:/Applications/STM32CubeIDE_1.18.1/STM32CubeIDE/plugins/com.st.stm32cube.ide.mcu.externaltools.gnu-tools-for-stm32.13.3.rel1.win32_1.0.0.202411081344/tools/bin/../lib/gcc/arm-none-eabi/13.3.1/../../../../arm-none-eabi/lib/thumb/v7e-m+fp/hard\libc_nano.a(libc_a-strtod.o)
 .rodata.tinytens
                0x0800ee28       0x28 D:/Applications/STM32CubeIDE_1.18.1/STM32CubeIDE/plugins/com.st.stm32cube.ide.mcu.externaltools.gnu-tools-for-stm32.13.3.rel1.win32_1.0.0.202411081344/tools/bin/../lib/gcc/arm-none-eabi/13.3.1/../../../../arm-none-eabi/lib/thumb/v7e-m+fp/hard\libc_nano.a(libc_a-strtod.o)
 .rodata._ctype_
                0x0800ee50      0x101 D:/Applications/STM32CubeIDE_1.18.1/STM32CubeIDE/plugins/com.st.stm32cube.ide.mcu.externaltools.gnu-tools-for-stm32.13.3.rel1.win32_1.0.0.202411081344/tools/bin/../lib/gcc/arm-none-eabi/13.3.1/../../../../arm-none-eabi/lib/thumb/v7e-m+fp/hard\libc_nano.a(libc_a-ctype_.o)
                0x0800ee50                _ctype_
 .rodata._svfprintf_r.str1.1
                0x0800ef51       0x11 D:/Applications/STM32CubeIDE_1.18.1/STM32CubeIDE/plugins/com.st.stm32cube.ide.mcu.externaltools.gnu-tools-for-stm32.13.3.rel1.win32_1.0.0.202411081344/tools/bin/../lib/gcc/arm-none-eabi/13.3.1/../../../../arm-none-eabi/lib/thumb/v7e-m+fp/hard\libc_nano.a(libc_a-nano-svfprintf.o)
 .rodata._setlocale_r.str1.1
                0x0800ef51        0x9 D:/Applications/STM32CubeIDE_1.18.1/STM32CubeIDE/plugins/com.st.stm32cube.ide.mcu.externaltools.gnu-tools-for-stm32.13.3.rel1.win32_1.0.0.202411081344/tools/bin/../lib/gcc/arm-none-eabi/13.3.1/../../../../arm-none-eabi/lib/thumb/v7e-m+fp/hard\libc_nano.a(libc_a-locale.o)
 .rodata.str1.1
                0x0800ef51        0x2 D:/Applications/STM32CubeIDE_1.18.1/STM32CubeIDE/plugins/com.st.stm32cube.ide.mcu.externaltools.gnu-tools-for-stm32.13.3.rel1.win32_1.0.0.202411081344/tools/bin/../lib/gcc/arm-none-eabi/13.3.1/../../../../arm-none-eabi/lib/thumb/v7e-m+fp/hard\libc_nano.a(libc_a-locale.o)
 .rodata.__assert_func.str1.1
                0x0800ef51       0x3d D:/Applications/STM32CubeIDE_1.18.1/STM32CubeIDE/plugins/com.st.stm32cube.ide.mcu.externaltools.gnu-tools-for-stm32.13.3.rel1.win32_1.0.0.202411081344/tools/bin/../lib/gcc/arm-none-eabi/13.3.1/../../../../arm-none-eabi/lib/thumb/v7e-m+fp/hard\libc_nano.a(libc_a-assert.o)
 .rodata.__gethex.str1.1
                0x0800ef51       0x73 D:/Applications/STM32CubeIDE_1.18.1/STM32CubeIDE/plugins/com.st.stm32cube.ide.mcu.externaltools.gnu-tools-for-stm32.13.3.rel1.win32_1.0.0.202411081344/tools/bin/../lib/gcc/arm-none-eabi/13.3.1/../../../../arm-none-eabi/lib/thumb/v7e-m+fp/hard\libc_nano.a(libc_a-gdtoa-gethex.o)
 .rodata._vfprintf_r.str1.1
                0x0800ef51       0x11 D:/Applications/STM32CubeIDE_1.18.1/STM32CubeIDE/plugins/com.st.stm32cube.ide.mcu.externaltools.gnu-tools-for-stm32.13.3.rel1.win32_1.0.0.202411081344/tools/bin/../lib/gcc/arm-none-eabi/13.3.1/../../../../arm-none-eabi/lib/thumb/v7e-m+fp/hard\libc_nano.a(libc_a-nano-vfprintf.o)
                0x0800efc4                        . = ALIGN (0x4)
 *fill*         0x0800ef51        0x3 

.ARM.extab      0x0800ef54        0x0
                0x0800ef54                        . = ALIGN (0x4)
 *(.ARM.extab* .gnu.linkonce.armextab.*)
                0x0800ef54                        . = ALIGN (0x4)

.ARM            0x0800ef54        0x8
                0x0800ef54                        . = ALIGN (0x4)
                0x0800ef54                        __exidx_start = .
 *(.ARM.exidx*)
 .ARM.exidx     0x0800ef54        0x8 D:/Applications/STM32CubeIDE_1.18.1/STM32CubeIDE/plugins/com.st.stm32cube.ide.mcu.externaltools.gnu-tools-for-stm32.13.3.rel1.win32_1.0.0.202411081344/tools/bin/../lib/gcc/arm-none-eabi/13.3.1/../../../../arm-none-eabi/lib/thumb/v7e-m+fp/hard\libc_nano.a(libc_a-memchr.o)
 .ARM.exidx     0x0800ef5c        0x0 D:/Applications/STM32CubeIDE_1.18.1/STM32CubeIDE/plugins/com.st.stm32cube.ide.mcu.externaltools.gnu-tools-for-stm32.13.3.rel1.win32_1.0.0.202411081344/tools/bin/../lib/gcc/arm-none-eabi/13.3.1/../../../../arm-none-eabi/lib/thumb/v7e-m+fp/hard\libc_nano.a(libc_a-strlen.o)
                                  0x8 (size before relaxing)
 .ARM.exidx     0x0800ef5c        0x0 D:/Applications/STM32CubeIDE_1.18.1/STM32CubeIDE/plugins/com.st.stm32cube.ide.mcu.externaltools.gnu-tools-for-stm32.13.3.rel1.win32_1.0.0.202411081344/tools/bin/../lib/gcc/arm-none-eabi/13.3.1/thumb/v7e-m+fp/hard\libgcc.a(_udivmoddi4.o)
                                  0x8 (size before relaxing)
                0x0800ef5c                        __exidx_end = .
                0x0800ef5c                        . = ALIGN (0x4)

.preinit_array  0x0800ef5c        0x0
                0x0800ef5c                        . = ALIGN (0x4)
                0x0800ef5c                        PROVIDE (__preinit_array_start = .)
 *(.preinit_array*)
                0x0800ef5c                        PROVIDE (__preinit_array_end = .)
                0x0800ef5c                        . = ALIGN (0x4)

.init_array     0x0800ef5c        0x4
                0x0800ef5c                        . = ALIGN (0x4)
                0x0800ef5c                        PROVIDE (__init_array_start = .)
 *(SORT_BY_NAME(.init_array.*))
 *(.init_array*)
 .init_array    0x0800ef5c        0x4 D:/Applications/STM32CubeIDE_1.18.1/STM32CubeIDE/plugins/com.st.stm32cube.ide.mcu.externaltools.gnu-tools-for-stm32.13.3.rel1.win32_1.0.0.202411081344/tools/bin/../lib/gcc/arm-none-eabi/13.3.1/thumb/v7e-m+fp/hard/crtbegin.o
                0x0800ef60                        PROVIDE (__init_array_end = .)
                0x0800ef60                        . = ALIGN (0x4)

.fini_array     0x0800ef60        0x4
                0x0800ef60                        . = ALIGN (0x4)
                [!provide]                        PROVIDE (__fini_array_start = .)
 *(SORT_BY_NAME(.fini_array.*))
 *(.fini_array*)
 .fini_array    0x0800ef60        0x4 D:/Applications/STM32CubeIDE_1.18.1/STM32CubeIDE/plugins/com.st.stm32cube.ide.mcu.externaltools.gnu-tools-for-stm32.13.3.rel1.win32_1.0.0.202411081344/tools/bin/../lib/gcc/arm-none-eabi/13.3.1/thumb/v7e-m+fp/hard/crtbegin.o
                [!provide]                        PROVIDE (__fini_array_end = .)
                0x0800ef64                        . = ALIGN (0x4)
                0x0800ef64                        _sidata = LOADADDR (.data)

.rel.dyn        0x0800ef64        0x0
 .rel.iplt      0x0800ef64        0x0 D:/Applications/STM32CubeIDE_1.18.1/STM32CubeIDE/plugins/com.st.stm32cube.ide.mcu.externaltools.gnu-tools-for-stm32.13.3.rel1.win32_1.0.0.202411081344/tools/bin/../lib/gcc/arm-none-eabi/13.3.1/thumb/v7e-m+fp/hard/crtbegin.o

.data           0x20000000      0x1ec load address 0x0800ef64
                0x20000000                        . = ALIGN (0x4)
                0x20000000                        _sdata = .
 *(.data)
 *(.data*)
 .data.SystemCoreClock
                0x20000000        0x4 ./Core/Src/system_stm32l4xx.o
                0x20000000                SystemCoreClock
 .data.uwTickPrio
                0x20000004        0x4 ./Drivers/STM32L4xx_HAL_Driver/Src/stm32l4xx_hal.o
                0x20000004                uwTickPrio
 .data.uwTickFreq
                0x20000008        0x1 ./Drivers/STM32L4xx_HAL_Driver/Src/stm32l4xx_hal.o
                0x20000008                uwTickFreq
 *fill*         0x20000009        0x3 
 .data.USER_Driver
                0x2000000c       0x14 ./FATFS/Target/user_diskio.o
                0x2000000c                USER_Driver
 .data.Stat     0x20000020        0x1 ./FATFS/Target/user_diskio_spi.o
 *fill*         0x20000021        0x3 
 .data.__sglue  0x20000024        0xc D:/Applications/STM32CubeIDE_1.18.1/STM32CubeIDE/plugins/com.st.stm32cube.ide.mcu.externaltools.gnu-tools-for-stm32.13.3.rel1.win32_1.0.0.202411081344/tools/bin/../lib/gcc/arm-none-eabi/13.3.1/../../../../arm-none-eabi/lib/thumb/v7e-m+fp/hard\libc_nano.a(libc_a-findfp.o)
                0x20000024                __sglue
 .data._impure_ptr
                0x20000030        0x4 D:/Applications/STM32CubeIDE_1.18.1/STM32CubeIDE/plugins/com.st.stm32cube.ide.mcu.externaltools.gnu-tools-for-stm32.13.3.rel1.win32_1.0.0.202411081344/tools/bin/../lib/gcc/arm-none-eabi/13.3.1/../../../../arm-none-eabi/lib/thumb/v7e-m+fp/hard\libc_nano.a(libc_a-impure.o)
                0x20000030                _impure_ptr
 .data._impure_data