../Core/Src/main.c:113:6:myprintf	16	static
../Core/Src/main.c:125:6:draw_compass	40	static
../Core/Src/main.c:142:6:draw_artificial_horizon	56	static
../Core/Src/main.c:170:10:calcul_rapport_cyclique	24	static
../Core/Src/main.c:185:9:inversion_byte	16	static
../Core/Src/main.c:199:5:count_set_bits	24	static
../Core/Src/main.c:208:10:generate_arinc_word	32	static
../Core/Src/main.c:244:5:main	560	static
../Core/Src/main.c:598:6:SystemClock_Config	96	static
../Core/Src/main.c:648:13:MX_I2C1_Init	8	static
../Core/Src/main.c:696:13:MX_SPI3_Init	8	static
../Core/Src/main.c:736:13:MX_TIM16_Init	80	static
../Core/Src/main.c:798:13:MX_USART2_UART_Init	8	static
../Core/Src/main.c:833:13:MX_GPIO_Init	40	static
../Core/Src/main.c:881:6:HAL_GPIO_EXTI_Callback	24	static
../Core/Src/main.c:901:6:Error_Handler	4	static,ignoring_inline_asm
