../Core/Src/main.c:112:6:myprintf	16	static
../Core/Src/main.c:124:6:draw_compass	40	static
../Core/Src/main.c:141:6:draw_artificial_horizon	56	static
../Core/Src/main.c:169:10:calcul_rapport_cyclique	24	static
../Core/Src/main.c:184:9:inversion_byte	16	static
../Core/Src/main.c:198:5:count_set_bits	24	static
../Core/Src/main.c:207:10:generate_arinc_word	32	static
../Core/Src/main.c:243:5:main	664	static
../Core/Src/main.c:587:6:SystemClock_Config	96	static
../Core/Src/main.c:637:13:MX_I2C1_Init	8	static
../Core/Src/main.c:685:13:MX_SPI3_Init	8	static
../Core/Src/main.c:725:13:MX_TIM16_Init	80	static
../Core/Src/main.c:787:13:MX_USART2_UART_Init	8	static
../Core/Src/main.c:822:13:MX_GPIO_Init	40	static
../Core/Src/main.c:870:6:HAL_GPIO_EXTI_Callback	16	static
../Core/Src/main.c:882:6:Error_Handler	4	static,ignoring_inline_asm
