../Core/Src/main.c:108:6:myprintf	1
../Core/Src/main.c:120:6:draw_compass	1
../Core/Src/main.c:137:6:draw_artificial_horizon	3
../Core/Src/main.c:165:10:calcul_rapport_cyclique	3
../Core/Src/main.c:181:5:main	14
../Core/Src/main.c:512:6:SystemClock_Config	4
../Core/Src/main.c:562:13:MX_I2C1_Init	4
../Core/Src/main.c:610:13:MX_SPI3_Init	2
../Core/Src/main.c:650:13:MX_TIM16_Init	5
../Core/Src/main.c:712:13:MX_USART2_UART_Init	2
../Core/Src/main.c:747:13:MX_GPIO_Init	1
../Core/Src/main.c:795:6:HAL_GPIO_EXTI_Callback	2
../Core/Src/main.c:807:6:Error_Handler	1
